10:04:03 **** Build of configuration Debug for project MidTerm ****
make -j12 all 
arm-none-eabi-gcc "../Drivers/STM32F1xx_HAL_Driver/Src/stm32f1xx_hal.c" -mcpu=cortex-m3 -std=gnu11 -g3 -DDEBUG -DUSE_HAL_DRIVER -DSTM32F103x6 -c -I../Core/Inc -I../Drivers/STM32F1xx_HAL_Driver/Inc -I../Drivers/STM32F1xx_HAL_Driver/Inc/Legacy -I../Drivers/CMSIS/Device/ST/STM32F1xx/Include -I../Drivers/CMSIS/Include -O0 -ffunction-sections -fdata-sections -Wall -fstack-usage -MMD -MP -MF"Drivers/STM32F1xx_HAL_Driver/Src/stm32f1xx_hal.d" -MT"Drivers/STM32F1xx_HAL_Driver/Src/stm32f1xx_hal.o" --specs=nano.specs -mfloat-abi=soft -mthumb -o "Drivers/STM32F1xx_HAL_Driver/Src/stm32f1xx_hal.o"
arm-none-eabi-gcc "../Drivers/STM32F1xx_HAL_Driver/Src/stm32f1xx_hal_cortex.c" -mcpu=cortex-m3 -std=gnu11 -g3 -DDEBUG -DUSE_HAL_DRIVER -DSTM32F103x6 -c -I../Core/Inc -I../Drivers/STM32F1xx_HAL_Driver/Inc -I../Drivers/STM32F1xx_HAL_Driver/Inc/Legacy -I../Drivers/CMSIS/Device/ST/STM32F1xx/Include -I../Drivers/CMSIS/Include -O0 -ffunction-sections -fdata-sections -Wall -fstack-usage -MMD -MP -MF"Drivers/STM32F1xx_HAL_Driver/Src/stm32f1xx_hal_cortex.d" -MT"Drivers/STM32F1xx_HAL_Driver/Src/stm32f1xx_hal_cortex.o" --specs=nano.specs -mfloat-abi=soft -mthumb -o "Drivers/STM32F1xx_HAL_Driver/Src/stm32f1xx_hal_cortex.o"
arm-none-eabi-gcc "../Drivers/STM32F1xx_HAL_Driver/Src/stm32f1xx_hal_dma.c" -mcpu=cortex-m3 -std=gnu11 -g3 -DDEBUG -DUSE_HAL_DRIVER -DSTM32F103x6 -c -I../Core/Inc -I../Drivers/STM32F1xx_HAL_Driver/Inc -I../Drivers/STM32F1xx_HAL_Driver/Inc/Legacy -I../Drivers/CMSIS/Device/ST/STM32F1xx/Include -I../Drivers/CMSIS/Include -O0 -ffunction-sections -fdata-sections -Wall -fstack-usage -MMD -MP -MF"Drivers/STM32F1xx_HAL_Driver/Src/stm32f1xx_hal_dma.d" -MT"Drivers/STM32F1xx_HAL_Driver/Src/stm32f1xx_hal_dma.o" --specs=nano.specs -mfloat-abi=soft -mthumb -o "Drivers/STM32F1xx_HAL_Driver/Src/stm32f1xx_hal_dma.o"
arm-none-eabi-gcc "../Drivers/STM32F1xx_HAL_Driver/Src/stm32f1xx_hal_exti.c" -mcpu=cortex-m3 -std=gnu11 -g3 -DDEBUG -DUSE_HAL_DRIVER -DSTM32F103x6 -c -I../Core/Inc -I../Drivers/STM32F1xx_HAL_Driver/Inc -I../Drivers/STM32F1xx_HAL_Driver/Inc/Legacy -I../Drivers/CMSIS/Device/ST/STM32F1xx/Include -I../Drivers/CMSIS/Include -O0 -ffunction-sections -fdata-sections -Wall -fstack-usage -MMD -MP -MF"Drivers/STM32F1xx_HAL_Driver/Src/stm32f1xx_hal_exti.d" -MT"Drivers/STM32F1xx_HAL_Driver/Src/stm32f1xx_hal_exti.o" --specs=nano.specs -mfloat-abi=soft -mthumb -o "Drivers/STM32F1xx_HAL_Driver/Src/stm32f1xx_hal_exti.o"
arm-none-eabi-gcc "../Drivers/STM32F1xx_HAL_Driver/Src/stm32f1xx_hal_flash.c" -mcpu=cortex-m3 -std=gnu11 -g3 -DDEBUG -DUSE_HAL_DRIVER -DSTM32F103x6 -c -I../Core/Inc -I../Drivers/STM32F1xx_HAL_Driver/Inc -I../Drivers/STM32F1xx_HAL_Driver/Inc/Legacy -I../Drivers/CMSIS/Device/ST/STM32F1xx/Include -I../Drivers/CMSIS/Include -O0 -ffunction-sections -fdata-sections -Wall -fstack-usage -MMD -MP -MF"Drivers/STM32F1xx_HAL_Driver/Src/stm32f1xx_hal_flash.d" -MT"Drivers/STM32F1xx_HAL_Driver/Src/stm32f1xx_hal_flash.o" --specs=nano.specs -mfloat-abi=soft -mthumb -o "Drivers/STM32F1xx_HAL_Driver/Src/stm32f1xx_hal_flash.o"
arm-none-eabi-gcc "../Drivers/STM32F1xx_HAL_Driver/Src/stm32f1xx_hal_flash_ex.c" -mcpu=cortex-m3 -std=gnu11 -g3 -DDEBUG -DUSE_HAL_DRIVER -DSTM32F103x6 -c -I../Core/Inc -I../Drivers/STM32F1xx_HAL_Driver/Inc -I../Drivers/STM32F1xx_HAL_Driver/Inc/Legacy -I../Drivers/CMSIS/Device/ST/STM32F1xx/Include -I../Drivers/CMSIS/Include -O0 -ffunction-sections -fdata-sections -Wall -fstack-usage -MMD -MP -MF"Drivers/STM32F1xx_HAL_Driver/Src/stm32f1xx_hal_flash_ex.d" -MT"Drivers/STM32F1xx_HAL_Driver/Src/stm32f1xx_hal_flash_ex.o" --specs=nano.specs -mfloat-abi=soft -mthumb -o "Drivers/STM32F1xx_HAL_Driver/Src/stm32f1xx_hal_flash_ex.o"
arm-none-eabi-gcc "../Drivers/STM32F1xx_HAL_Driver/Src/stm32f1xx_hal_gpio.c" -mcpu=cortex-m3 -std=gnu11 -g3 -DDEBUG -DUSE_HAL_DRIVER -DSTM32F103x6 -c -I../Core/Inc -I../Drivers/STM32F1xx_HAL_Driver/Inc -I../Drivers/STM32F1xx_HAL_Driver/Inc/Legacy -I../Drivers/CMSIS/Device/ST/STM32F1xx/Include -I../Drivers/CMSIS/Include -O0 -ffunction-sections -fdata-sections -Wall -fstack-usage -MMD -MP -MF"Drivers/STM32F1xx_HAL_Driver/Src/stm32f1xx_hal_gpio.d" -MT"Drivers/STM32F1xx_HAL_Driver/Src/stm32f1xx_hal_gpio.o" --specs=nano.specs -mfloat-abi=soft -mthumb -o "Drivers/STM32F1xx_HAL_Driver/Src/stm32f1xx_hal_gpio.o"
arm-none-eabi-gcc "../Drivers/STM32F1xx_HAL_Driver/Src/stm32f1xx_hal_gpio_ex.c" -mcpu=cortex-m3 -std=gnu11 -g3 -DDEBUG -DUSE_HAL_DRIVER -DSTM32F103x6 -c -I../Core/Inc -I../Drivers/STM32F1xx_HAL_Driver/Inc -I../Drivers/STM32F1xx_HAL_Driver/Inc/Legacy -I../Drivers/CMSIS/Device/ST/STM32F1xx/Include -I../Drivers/CMSIS/Include -O0 -ffunction-sections -fdata-sections -Wall -fstack-usage -MMD -MP -MF"Drivers/STM32F1xx_HAL_Driver/Src/stm32f1xx_hal_gpio_ex.d" -MT"Drivers/STM32F1xx_HAL_Driver/Src/stm32f1xx_hal_gpio_ex.o" --specs=nano.specs -mfloat-abi=soft -mthumb -o "Drivers/STM32F1xx_HAL_Driver/Src/stm32f1xx_hal_gpio_ex.o"
arm-none-eabi-gcc "../Drivers/STM32F1xx_HAL_Driver/Src/stm32f1xx_hal_pwr.c" -mcpu=cortex-m3 -std=gnu11 -g3 -DDEBUG -DUSE_HAL_DRIVER -DSTM32F103x6 -c -I../Core/Inc -I../Drivers/STM32F1xx_HAL_Driver/Inc -I../Drivers/STM32F1xx_HAL_Driver/Inc/Legacy -I../Drivers/CMSIS/Device/ST/STM32F1xx/Include -I../Drivers/CMSIS/Include -O0 -ffunction-sections -fdata-sections -Wall -fstack-usage -MMD -MP -MF"Drivers/STM32F1xx_HAL_Driver/Src/stm32f1xx_hal_pwr.d" -MT"Drivers/STM32F1xx_HAL_Driver/Src/stm32f1xx_hal_pwr.o" --specs=nano.specs -mfloat-abi=soft -mthumb -o "Drivers/STM32F1xx_HAL_Driver/Src/stm32f1xx_hal_pwr.o"
arm-none-eabi-gcc "../Drivers/STM32F1xx_HAL_Driver/Src/stm32f1xx_hal_rcc.c" -mcpu=cortex-m3 -std=gnu11 -g3 -DDEBUG -DUSE_HAL_DRIVER -DSTM32F103x6 -c -I../Core/Inc -I../Drivers/STM32F1xx_HAL_Driver/Inc -I../Drivers/STM32F1xx_HAL_Driver/Inc/Legacy -I../Drivers/CMSIS/Device/ST/STM32F1xx/Include -I../Drivers/CMSIS/Include -O0 -ffunction-sections -fdata-sections -Wall -fstack-usage -MMD -MP -MF"Drivers/STM32F1xx_HAL_Driver/Src/stm32f1xx_hal_rcc.d" -MT"Drivers/STM32F1xx_HAL_Driver/Src/stm32f1xx_hal_rcc.o" --specs=nano.specs -mfloat-abi=soft -mthumb -o "Drivers/STM32F1xx_HAL_Driver/Src/stm32f1xx_hal_rcc.o"
arm-none-eabi-gcc "../Drivers/STM32F1xx_HAL_Driver/Src/stm32f1xx_hal_rcc_ex.c" -mcpu=cortex-m3 -std=gnu11 -g3 -DDEBUG -DUSE_HAL_DRIVER -DSTM32F103x6 -c -I../Core/Inc -I../Drivers/STM32F1xx_HAL_Driver/Inc -I../Drivers/STM32F1xx_HAL_Driver/Inc/Legacy -I../Drivers/CMSIS/Device/ST/STM32F1xx/Include -I../Drivers/CMSIS/Include -O0 -ffunction-sections -fdata-sections -Wall -fstack-usage -MMD -MP -MF"Drivers/STM32F1xx_HAL_Driver/Src/stm32f1xx_hal_rcc_ex.d" -MT"Drivers/STM32F1xx_HAL_Driver/Src/stm32f1xx_hal_rcc_ex.o" --specs=nano.specs -mfloat-abi=soft -mthumb -o "Drivers/STM32F1xx_HAL_Driver/Src/stm32f1xx_hal_rcc_ex.o"
arm-none-eabi-gcc "../Drivers/STM32F1xx_HAL_Driver/Src/stm32f1xx_hal_tim.c" -mcpu=cortex-m3 -std=gnu11 -g3 -DDEBUG -DUSE_HAL_DRIVER -DSTM32F103x6 -c -I../Core/Inc -I../Drivers/STM32F1xx_HAL_Driver/Inc -I../Drivers/STM32F1xx_HAL_Driver/Inc/Legacy -I../Drivers/CMSIS/Device/ST/STM32F1xx/Include -I../Drivers/CMSIS/Include -O0 -ffunction-sections -fdata-sections -Wall -fstack-usage -MMD -MP -MF"Drivers/STM32F1xx_HAL_Driver/Src/stm32f1xx_hal_tim.d" -MT"Drivers/STM32F1xx_HAL_Driver/Src/stm32f1xx_hal_tim.o" --specs=nano.specs -mfloat-abi=soft -mthumb -o "Drivers/STM32F1xx_HAL_Driver/Src/stm32f1xx_hal_tim.o"
arm-none-eabi-gcc "../Drivers/STM32F1xx_HAL_Driver/Src/stm32f1xx_hal_tim_ex.c" -mcpu=cortex-m3 -std=gnu11 -g3 -DDEBUG -DUSE_HAL_DRIVER -DSTM32F103x6 -c -I../Core/Inc -I../Drivers/STM32F1xx_HAL_Driver/Inc -I../Drivers/STM32F1xx_HAL_Driver/Inc/Legacy -I../Drivers/CMSIS/Device/ST/STM32F1xx/Include -I../Drivers/CMSIS/Include -O0 -ffunction-sections -fdata-sections -Wall -fstack-usage -MMD -MP -MF"Drivers/STM32F1xx_HAL_Driver/Src/stm32f1xx_hal_tim_ex.d" -MT"Drivers/STM32F1xx_HAL_Driver/Src/stm32f1xx_hal_tim_ex.o" --specs=nano.specs -mfloat-abi=soft -mthumb -o "Drivers/STM32F1xx_HAL_Driver/Src/stm32f1xx_hal_tim_ex.o"
arm-none-eabi-gcc -mcpu=cortex-m3 -g3 -DDEBUG -c -x assembler-with-cpp -MMD -MP -MF"Core/Startup/startup_stm32f103c6ux.d" -MT"Core/Startup/startup_stm32f103c6ux.o" --specs=nano.specs -mfloat-abi=soft -mthumb -o "Core/Startup/startup_stm32f103c6ux.o" "../Core/Startup/startup_stm32f103c6ux.s"
arm-none-eabi-gcc "../Core/Src/main.c" -mcpu=cortex-m3 -std=gnu11 -g3 -DDEBUG -DUSE_HAL_DRIVER -DSTM32F103x6 -c -I../Core/Inc -I../Drivers/STM32F1xx_HAL_Driver/Inc -I../Drivers/STM32F1xx_HAL_Driver/Inc/Legacy -I../Drivers/CMSIS/Device/ST/STM32F1xx/Include -I../Drivers/CMSIS/Include -O0 -ffunction-sections -fdata-sections -Wall -fstack-usage -MMD -MP -MF"Core/Src/main.d" -MT"Core/Src/main.o" --specs=nano.specs -mfloat-abi=soft -mthumb -o "Core/Src/main.o"
arm-none-eabi-gcc "../Core/Src/stm32f1xx_hal_msp.c" -mcpu=cortex-m3 -std=gnu11 -g3 -DDEBUG -DUSE_HAL_DRIVER -DSTM32F103x6 -c -I../Core/Inc -I../Drivers/STM32F1xx_HAL_Driver/Inc -I../Drivers/STM32F1xx_HAL_Driver/Inc/Legacy -I../Drivers/CMSIS/Device/ST/STM32F1xx/Include -I../Drivers/CMSIS/Include -O0 -ffunction-sections -fdata-sections -Wall -fstack-usage -MMD -MP -MF"Core/Src/stm32f1xx_hal_msp.d" -MT"Core/Src/stm32f1xx_hal_msp.o" --specs=nano.specs -mfloat-abi=soft -mthumb -o "Core/Src/stm32f1xx_hal_msp.o"
arm-none-eabi-gcc "../Core/Src/stm32f1xx_it.c" -mcpu=cortex-m3 -std=gnu11 -g3 -DDEBUG -DUSE_HAL_DRIVER -DSTM32F103x6 -c -I../Core/Inc -I../Drivers/STM32F1xx_HAL_Driver/Inc -I../Drivers/STM32F1xx_HAL_Driver/Inc/Legacy -I../Drivers/CMSIS/Device/ST/STM32F1xx/Include -I../Drivers/CMSIS/Include -O0 -ffunction-sections -fdata-sections -Wall -fstack-usage -MMD -MP -MF"Core/Src/stm32f1xx_it.d" -MT"Core/Src/stm32f1xx_it.o" --specs=nano.specs -mfloat-abi=soft -mthumb -o "Core/Src/stm32f1xx_it.o"
arm-none-eabi-gcc "../Core/Src/syscalls.c" -mcpu=cortex-m3 -std=gnu11 -g3 -DDEBUG -DUSE_HAL_DRIVER -DSTM32F103x6 -c -I../Core/Inc -I../Drivers/STM32F1xx_HAL_Driver/Inc -I../Drivers/STM32F1xx_HAL_Driver/Inc/Legacy -I../Drivers/CMSIS/Device/ST/STM32F1xx/Include -I../Drivers/CMSIS/Include -O0 -ffunction-sections -fdata-sections -Wall -fstack-usage -MMD -MP -MF"Core/Src/syscalls.d" -MT"Core/Src/syscalls.o" --specs=nano.specs -mfloat-abi=soft -mthumb -o "Core/Src/syscalls.o"
arm-none-eabi-gcc "../Core/Src/sysmem.c" -mcpu=cortex-m3 -std=gnu11 -g3 -DDEBUG -DUSE_HAL_DRIVER -DSTM32F103x6 -c -I../Core/Inc -I../Drivers/STM32F1xx_HAL_Driver/Inc -I../Drivers/STM32F1xx_HAL_Driver/Inc/Legacy -I../Drivers/CMSIS/Device/ST/STM32F1xx/Include -I../Drivers/CMSIS/Include -O0 -ffunction-sections -fdata-sections -Wall -fstack-usage -MMD -MP -MF"Core/Src/sysmem.d" -MT"Core/Src/sysmem.o" --specs=nano.specs -mfloat-abi=soft -mthumb -o "Core/Src/sysmem.o"
arm-none-eabi-gcc "../Core/Src/system_stm32f1xx.c" -mcpu=cortex-m3 -std=gnu11 -g3 -DDEBUG -DUSE_HAL_DRIVER -DSTM32F103x6 -c -I../Core/Inc -I../Drivers/STM32F1xx_HAL_Driver/Inc -I../Drivers/STM32F1xx_HAL_Driver/Inc/Legacy -I../Drivers/CMSIS/Device/ST/STM32F1xx/Include -I../Drivers/CMSIS/Include -O0 -ffunction-sections -fdata-sections -Wall -fstack-usage -MMD -MP -MF"Core/Src/system_stm32f1xx.d" -MT"Core/Src/system_stm32f1xx.o" --specs=nano.specs -mfloat-abi=soft -mthumb -o "Core/Src/system_stm32f1xx.o"
arm-none-eabi-gcc -o "MidTerm.elf" @"objects.list"   -mcpu=cortex-m3 -T"E:\School\221\Microprocessor and microcontroller\Mid Term\STM32\MidTerm\STM32F103C6UX_FLASH.ld" --specs=nosys.specs -Wl,-Map="MidTerm.map" -Wl,--gc-sections -static --specs=nano.specs -mfloat-abi=soft -mthumb -Wl,--start-group -lc -lm -Wl,--end-group
Finished building target: MidTerm.elf
 
arm-none-eabi-size   MidTerm.elf 
arm-none-eabi-objdump -h -S  MidTerm.elf  > "MidTerm.list"
arm-none-eabi-objcopy  -O ihex  MidTerm.elf  "MidTerm.hex"
arm-none-eabi-objcopy  -O binary  MidTerm.elf  "MidTerm.bin"
   text	   data	    bss	    dec	    hex	filename
   6972	     20	   1652	   8644	   21c4	MidTerm.elf
Finished building: default.size.stdout
 
Finished building: MidTerm.list
Finished building: MidTerm.hex
Finished building: MidTerm.bin
 
 
 
10:07:25 **** Incremental Build of configuration Debug for project MidTerm ****
make -j12 all 
arm-none-eabi-gcc "../Core/Src/main.c" -mcpu=cortex-m3 -std=gnu11 -g3 -DDEBUG -DUSE_HAL_DRIVER -DSTM32F103x6 -c -I../Core/Inc -I../Drivers/STM32F1xx_HAL_Driver/Inc -I../Drivers/STM32F1xx_HAL_Driver/Inc/Legacy -I../Drivers/CMSIS/Device/ST/STM32F1xx/Include -I../Drivers/CMSIS/Include -O0 -ffunction-sections -fdata-sections -Wall -fstack-usage -MMD -MP -MF"Core/Src/main.d" -MT"Core/Src/main.o" --specs=nano.specs -mfloat-abi=soft -mthumb -o "Core/Src/main.o"
arm-none-eabi-gcc -o "MidTerm.elf" @"objects.list"   -mcpu=cortex-m3 -T"E:\School\221\Microprocessor and microcontroller\Mid Term\STM32\MidTerm\STM32F103C6UX_FLASH.ld" --specs=nosys.specs -Wl,-Map="MidTerm.map" -Wl,--gc-sections -static --specs=nano.specs -mfloat-abi=soft -mthumb -Wl,--start-group -lc -lm -Wl,--end-group
Finished building target: MidTerm.elf
 
arm-none-eabi-size   MidTerm.elf 
arm-none-eabi-objdump -h -S  MidTerm.elf  > "MidTerm.list"
arm-none-eabi-objcopy  -O ihex  MidTerm.elf  "MidTerm.hex"
arm-none-eabi-objcopy  -O binary  MidTerm.elf  "MidTerm.bin"
   text	   data	    bss	    dec	    hex	filename
   6972	     20	   1652	   8644	   21c4	MidTerm.elf
Finished building: default.size.stdout
 
Finished building: MidTerm.list
Finished building: MidTerm.hex
Finished building: MidTerm.bin
 
 
 
10:17:47 **** Incremental Build of configuration Debug for project MidTerm ****
make -j12 all 
arm-none-eabi-gcc "../Core/Src/main.c" -mcpu=cortex-m3 -std=gnu11 -g3 -DDEBUG -DUSE_HAL_DRIVER -DSTM32F103x6 -c -I../Core/Inc -I../Drivers/STM32F1xx_HAL_Driver/Inc -I../Drivers/STM32F1xx_HAL_Driver/Inc/Legacy -I../Drivers/CMSIS/Device/ST/STM32F1xx/Include -I../Drivers/CMSIS/Include -O0 -ffunction-sections -fdata-sections -Wall -fstack-usage -MMD -MP -MF"Core/Src/main.d" -MT"Core/Src/main.o" --specs=nano.specs -mfloat-abi=soft -mthumb -o "Core/Src/main.o"
arm-none-eabi-gcc -o "MidTerm.elf" @"objects.list"   -mcpu=cortex-m3 -T"E:\School\221\Microprocessor and microcontroller\Mid Term\STM32\MidTerm\STM32F103C6UX_FLASH.ld" --specs=nosys.specs -Wl,-Map="MidTerm.map" -Wl,--gc-sections -static --specs=nano.specs -mfloat-abi=soft -mthumb -Wl,--start-group -lc -lm -Wl,--end-group
Finished building target: MidTerm.elf
 
arm-none-eabi-size   MidTerm.elf 
arm-none-eabi-objdump -h -S  MidTerm.elf  > "MidTerm.list"
arm-none-eabi-objcopy  -O ihex  MidTerm.elf  "MidTerm.hex"
arm-none-eabi-objcopy  -O binary  MidTerm.elf  "MidTerm.bin"
   text	   data	    bss	    dec	    hex	filename
   7116	     24	   1648	   8788	   2254	MidTerm.elf
Finished building: default.size.stdout
 
Finished building: MidTerm.list
Finished building: MidTerm.hex
Finished building: MidTerm.bin
 
 
 
10:18:58 **** Incremental Build of configuration Debug for project MidTerm ****
make -j12 all 
arm-none-eabi-gcc "../Core/Src/main.c" -mcpu=cortex-m3 -std=gnu11 -g3 -DDEBUG -DUSE_HAL_DRIVER -DSTM32F103x6 -c -I../Core/Inc -I../Drivers/STM32F1xx_HAL_Driver/Inc -I../Drivers/STM32F1xx_HAL_Driver/Inc/Legacy -I../Drivers/CMSIS/Device/ST/STM32F1xx/Include -I../Drivers/CMSIS/Include -O0 -ffunction-sections -fdata-sections -Wall -fstack-usage -MMD -MP -MF"Core/Src/main.d" -MT"Core/Src/main.o" --specs=nano.specs -mfloat-abi=soft -mthumb -o "Core/Src/main.o"
arm-none-eabi-gcc -o "MidTerm.elf" @"objects.list"   -mcpu=cortex-m3 -T"E:\School\221\Microprocessor and microcontroller\Mid Term\STM32\MidTerm\STM32F103C6UX_FLASH.ld" --specs=nosys.specs -Wl,-Map="MidTerm.map" -Wl,--gc-sections -static --specs=nano.specs -mfloat-abi=soft -mthumb -Wl,--start-group -lc -lm -Wl,--end-group
Finished building target: MidTerm.elf
 
arm-none-eabi-size   MidTerm.elf 
arm-none-eabi-objdump -h -S  MidTerm.elf  > "MidTerm.list"
arm-none-eabi-objcopy  -O ihex  MidTerm.elf  "MidTerm.hex"
arm-none-eabi-objcopy  -O binary  MidTerm.elf  "MidTerm.bin"
   text	   data	    bss	    dec	    hex	filename
   7116	     24	   1648	   8788	   2254	MidTerm.elf
Finished building: default.size.stdout
 
Finished building: MidTerm.hex
Finished building: MidTerm.list
Finished building: MidTerm.bin
 
 
 
10:50:19 **** Incremental Build of configuration Debug for project MidTerm ****
make -j12 all 
arm-none-eabi-gcc "../Core/Src/input_reading.c" -mcpu=cortex-m3 -std=gnu11 -g3 -DDEBUG -DUSE_HAL_DRIVER -DSTM32F103x6 -c -I../Core/Inc -I../Drivers/STM32F1xx_HAL_Driver/Inc -I../Drivers/STM32F1xx_HAL_Driver/Inc/Legacy -I../Drivers/CMSIS/Device/ST/STM32F1xx/Include -I../Drivers/CMSIS/Include -O0 -ffunction-sections -fdata-sections -Wall -fstack-usage -MMD -MP -MF"Core/Src/input_reading.d" -MT"Core/Src/input_reading.o" --specs=nano.specs -mfloat-abi=soft -mthumb -o "Core/Src/input_reading.o"
arm-none-eabi-gcc "../Core/Src/main.c" -mcpu=cortex-m3 -std=gnu11 -g3 -DDEBUG -DUSE_HAL_DRIVER -DSTM32F103x6 -c -I../Core/Inc -I../Drivers/STM32F1xx_HAL_Driver/Inc -I../Drivers/STM32F1xx_HAL_Driver/Inc/Legacy -I../Drivers/CMSIS/Device/ST/STM32F1xx/Include -I../Drivers/CMSIS/Include -O0 -ffunction-sections -fdata-sections -Wall -fstack-usage -MMD -MP -MF"Core/Src/main.d" -MT"Core/Src/main.o" --specs=nano.specs -mfloat-abi=soft -mthumb -o "Core/Src/main.o"
arm-none-eabi-gcc "../Core/Src/stm32f1xx_hal_msp.c" -mcpu=cortex-m3 -std=gnu11 -g3 -DDEBUG -DUSE_HAL_DRIVER -DSTM32F103x6 -c -I../Core/Inc -I../Drivers/STM32F1xx_HAL_Driver/Inc -I../Drivers/STM32F1xx_HAL_Driver/Inc/Legacy -I../Drivers/CMSIS/Device/ST/STM32F1xx/Include -I../Drivers/CMSIS/Include -O0 -ffunction-sections -fdata-sections -Wall -fstack-usage -MMD -MP -MF"Core/Src/stm32f1xx_hal_msp.d" -MT"Core/Src/stm32f1xx_hal_msp.o" --specs=nano.specs -mfloat-abi=soft -mthumb -o "Core/Src/stm32f1xx_hal_msp.o"
arm-none-eabi-gcc "../Core/Src/stm32f1xx_it.c" -mcpu=cortex-m3 -std=gnu11 -g3 -DDEBUG -DUSE_HAL_DRIVER -DSTM32F103x6 -c -I../Core/Inc -I../Drivers/STM32F1xx_HAL_Driver/Inc -I../Drivers/STM32F1xx_HAL_Driver/Inc/Legacy -I../Drivers/CMSIS/Device/ST/STM32F1xx/Include -I../Drivers/CMSIS/Include -O0 -ffunction-sections -fdata-sections -Wall -fstack-usage -MMD -MP -MF"Core/Src/stm32f1xx_it.d" -MT"Core/Src/stm32f1xx_it.o" --specs=nano.specs -mfloat-abi=soft -mthumb -o "Core/Src/stm32f1xx_it.o"
arm-none-eabi-gcc "../Core/Src/syscalls.c" -mcpu=cortex-m3 -std=gnu11 -g3 -DDEBUG -DUSE_HAL_DRIVER -DSTM32F103x6 -c -I../Core/Inc -I../Drivers/STM32F1xx_HAL_Driver/Inc -I../Drivers/STM32F1xx_HAL_Driver/Inc/Legacy -I../Drivers/CMSIS/Device/ST/STM32F1xx/Include -I../Drivers/CMSIS/Include -O0 -ffunction-sections -fdata-sections -Wall -fstack-usage -MMD -MP -MF"Core/Src/syscalls.d" -MT"Core/Src/syscalls.o" --specs=nano.specs -mfloat-abi=soft -mthumb -o "Core/Src/syscalls.o"
arm-none-eabi-gcc "../Core/Src/sysmem.c" -mcpu=cortex-m3 -std=gnu11 -g3 -DDEBUG -DUSE_HAL_DRIVER -DSTM32F103x6 -c -I../Core/Inc -I../Drivers/STM32F1xx_HAL_Driver/Inc -I../Drivers/STM32F1xx_HAL_Driver/Inc/Legacy -I../Drivers/CMSIS/Device/ST/STM32F1xx/Include -I../Drivers/CMSIS/Include -O0 -ffunction-sections -fdata-sections -Wall -fstack-usage -MMD -MP -MF"Core/Src/sysmem.d" -MT"Core/Src/sysmem.o" --specs=nano.specs -mfloat-abi=soft -mthumb -o "Core/Src/sysmem.o"
arm-none-eabi-gcc "../Core/Src/system_stm32f1xx.c" -mcpu=cortex-m3 -std=gnu11 -g3 -DDEBUG -DUSE_HAL_DRIVER -DSTM32F103x6 -c -I../Core/Inc -I../Drivers/STM32F1xx_HAL_Driver/Inc -I../Drivers/STM32F1xx_HAL_Driver/Inc/Legacy -I../Drivers/CMSIS/Device/ST/STM32F1xx/Include -I../Drivers/CMSIS/Include -O0 -ffunction-sections -fdata-sections -Wall -fstack-usage -MMD -MP -MF"Core/Src/system_stm32f1xx.d" -MT"Core/Src/system_stm32f1xx.o" --specs=nano.specs -mfloat-abi=soft -mthumb -o "Core/Src/system_stm32f1xx.o"
../Core/Src/input_reading.c: In function 'button_reading':
../Core/Src/input_reading.c:34:24: warning: array subscript has type 'char' [-Wchar-subscripts]
   34 |   debounceButtonBuffer3[i] = debounceButtonBuffer2[i];
      |                        ^
../Core/Src/input_reading.c:34:51: warning: array subscript has type 'char' [-Wchar-subscripts]
   34 |   debounceButtonBuffer3[i] = debounceButtonBuffer2[i];
      |                                                   ^
../Core/Src/input_reading.c:35:24: warning: array subscript has type 'char' [-Wchar-subscripts]
   35 |   debounceButtonBuffer2[i] = debounceButtonBuffer1[i];
      |                        ^
../Core/Src/input_reading.c:35:51: warning: array subscript has type 'char' [-Wchar-subscripts]
   35 |   debounceButtonBuffer2[i] = debounceButtonBuffer1[i];
      |                                                   ^
../Core/Src/input_reading.c:38:26: warning: array subscript has type 'char' [-Wchar-subscripts]
   38 |     debounceButtonBuffer1[i] = HAL_GPIO_ReadPin(RESET_GPIO_Port, RESET_Pin);
      |                          ^
../Core/Src/input_reading.c:41:26: warning: array subscript has type 'char' [-Wchar-subscripts]
   41 |     debounceButtonBuffer1[i] = HAL_GPIO_ReadPin(INC_GPIO_Port, INC_Pin);
      |                          ^
../Core/Src/input_reading.c:44:26: warning: array subscript has type 'char' [-Wchar-subscripts]
   44 |     debounceButtonBuffer1[i] = HAL_GPIO_ReadPin(DC_GPIO_Port, DC_Pin);
      |                          ^
../Core/Src/input_reading.c:44:49: error: 'DC_GPIO_Port' undeclared (first use in this function); did you mean 'DEC_GPIO_Port'?
   44 |     debounceButtonBuffer1[i] = HAL_GPIO_ReadPin(DC_GPIO_Port, DC_Pin);
      |                                                 ^~~~~~~~~~~~
      |                                                 DEC_GPIO_Port
../Core/Src/input_reading.c:44:49: note: each undeclared identifier is reported only once for each function it appears in
../Core/Src/input_reading.c:44:63: error: 'DC_Pin' undeclared (first use in this function); did you mean 'DEC_Pin'?
   44 |     debounceButtonBuffer1[i] = HAL_GPIO_ReadPin(DC_GPIO_Port, DC_Pin);
      |                                                               ^~~~~~
      |                                                               DEC_Pin
../Core/Src/input_reading.c:49:29: warning: array subscript has type 'char' [-Wchar-subscripts]
   49 |   if ((debounceButtonBuffer1[i] == debounceButtonBuffer2[i]) && (debounceButtonBuffer1[i] == debounceButtonBuffer3[i])) {
      |                             ^
../Core/Src/input_reading.c:49:57: warning: array subscript has type 'char' [-Wchar-subscripts]
   49 |   if ((debounceButtonBuffer1[i] == debounceButtonBuffer2[i]) && (debounceButtonBuffer1[i] == debounceButtonBuffer3[i])) {
      |                                                         ^
../Core/Src/input_reading.c:49:87: warning: array subscript has type 'char' [-Wchar-subscripts]
   49 |   if ((debounceButtonBuffer1[i] == debounceButtonBuffer2[i]) && (debounceButtonBuffer1[i] == debounceButtonBuffer3[i])) {
      |                                                                                       ^
../Core/Src/input_reading.c:49:115: warning: array subscript has type 'char' [-Wchar-subscripts]
   49 |   if ((debounceButtonBuffer1[i] == debounceButtonBuffer2[i]) && (debounceButtonBuffer1[i] == debounceButtonBuffer3[i])) {
      |                                                                                                                   ^
../Core/Src/input_reading.c:50:20: warning: array subscript has type 'char' [-Wchar-subscripts]
   50 |    if (buttonBuffer[i] == BUTTON_IS_RELEASED && debounceButtonBuffer1[i] == BUTTON_IS_PRESSED) {
      |                    ^
../Core/Src/input_reading.c:50:70: warning: array subscript has type 'char' [-Wchar-subscripts]
   50 |    if (buttonBuffer[i] == BUTTON_IS_RELEASED && debounceButtonBuffer1[i] == BUTTON_IS_PRESSED) {
      |                                                                      ^
../Core/Src/input_reading.c:51:16: warning: array subscript has type 'char' [-Wchar-subscripts]
   51 |     button_flag[i] = 1;
      |                ^
../Core/Src/input_reading.c:53:16: warning: array subscript has type 'char' [-Wchar-subscripts]
   53 |    buttonBuffer[i] = debounceButtonBuffer1[i];
      |                ^
../Core/Src/input_reading.c:53:43: warning: array subscript has type 'char' [-Wchar-subscripts]
   53 |    buttonBuffer[i] = debounceButtonBuffer1[i];
      |                                           ^
../Core/Src/input_reading.c:55:19: warning: array subscript has type 'char' [-Wchar-subscripts]
   55 |   if (buttonBuffer[i] == BUTTON_IS_PRESSED) {
      |                   ^
../Core/Src/input_reading.c:56:31: warning: array subscript has type 'char' [-Wchar-subscripts]
   56 |    if (counterForButtonPress1s[i] < DURATION_FOR_AUTO_INCREASING) {
      |                               ^
../Core/Src/input_reading.c:57:28: warning: array subscript has type 'char' [-Wchar-subscripts]
   57 |     counterForButtonPress1s[i]++;
      |                            ^
../Core/Src/input_reading.c:59:25: warning: array subscript has type 'char' [-Wchar-subscripts]
   59 |     flagForButtonPress1s[i] = 1;
      |                         ^
../Core/Src/input_reading.c:62:15: warning: array subscript has type 'char' [-Wchar-subscripts]
   62 |    button_flag[i] = 0;
      |               ^
../Core/Src/input_reading.c:63:27: warning: array subscript has type 'char' [-Wchar-subscripts]
   63 |    counterForButtonPress1s[i] = 0;
      |                           ^
../Core/Src/input_reading.c:64:24: warning: array subscript has type 'char' [-Wchar-subscripts]
   64 |    flagForButtonPress1s[i] = 0;
      |                        ^
make: *** [Core/Src/subdir.mk:37: Core/Src/input_reading.o] Error 1
make: *** Waiting for unfinished jobs....
"make -j12 all" terminated with exit code 2. Build might be incomplete.
10:51:19 **** Incremental Build of configuration Debug for project MidTerm ****
make -j12 all 
arm-none-eabi-gcc "../Core/Src/input_reading.c" -mcpu=cortex-m3 -std=gnu11 -g3 -DDEBUG -DUSE_HAL_DRIVER -DSTM32F103x6 -c -I../Core/Inc -I../Drivers/STM32F1xx_HAL_Driver/Inc -I../Drivers/STM32F1xx_HAL_Driver/Inc/Legacy -I../Drivers/CMSIS/Device/ST/STM32F1xx/Include -I../Drivers/CMSIS/Include -O0 -ffunction-sections -fdata-sections -Wall -fstack-usage -MMD -MP -MF"Core/Src/input_reading.d" -MT"Core/Src/input_reading.o" --specs=nano.specs -mfloat-abi=soft -mthumb -o "Core/Src/input_reading.o"
../Core/Src/input_reading.c: In function 'button_reading':
../Core/Src/input_reading.c:34:24: warning: array subscript has type 'char' [-Wchar-subscripts]
   34 |   debounceButtonBuffer3[i] = debounceButtonBuffer2[i];
      |                        ^
../Core/Src/input_reading.c:34:51: warning: array subscript has type 'char' [-Wchar-subscripts]
   34 |   debounceButtonBuffer3[i] = debounceButtonBuffer2[i];
      |                                                   ^
../Core/Src/input_reading.c:35:24: warning: array subscript has type 'char' [-Wchar-subscripts]
   35 |   debounceButtonBuffer2[i] = debounceButtonBuffer1[i];
      |                        ^
../Core/Src/input_reading.c:35:51: warning: array subscript has type 'char' [-Wchar-subscripts]
   35 |   debounceButtonBuffer2[i] = debounceButtonBuffer1[i];
      |                                                   ^
../Core/Src/input_reading.c:38:26: warning: array subscript has type 'char' [-Wchar-subscripts]
   38 |     debounceButtonBuffer1[i] = HAL_GPIO_ReadPin(RESET_GPIO_Port, RESET_Pin);
      |                          ^
../Core/Src/input_reading.c:41:26: warning: array subscript has type 'char' [-Wchar-subscripts]
   41 |     debounceButtonBuffer1[i] = HAL_GPIO_ReadPin(INC_GPIO_Port, INC_Pin);
      |                          ^
../Core/Src/input_reading.c:44:26: warning: array subscript has type 'char' [-Wchar-subscripts]
   44 |     debounceButtonBuffer1[i] = HAL_GPIO_ReadPin(DEC_GPIO_Port, DEC_Pin);
      |                          ^
../Core/Src/input_reading.c:49:29: warning: array subscript has type 'char' [-Wchar-subscripts]
   49 |   if ((debounceButtonBuffer1[i] == debounceButtonBuffer2[i]) && (debounceButtonBuffer1[i] == debounceButtonBuffer3[i])) {
      |                             ^
../Core/Src/input_reading.c:49:57: warning: array subscript has type 'char' [-Wchar-subscripts]
   49 |   if ((debounceButtonBuffer1[i] == debounceButtonBuffer2[i]) && (debounceButtonBuffer1[i] == debounceButtonBuffer3[i])) {
      |                                                         ^
../Core/Src/input_reading.c:49:87: warning: array subscript has type 'char' [-Wchar-subscripts]
   49 |   if ((debounceButtonBuffer1[i] == debounceButtonBuffer2[i]) && (debounceButtonBuffer1[i] == debounceButtonBuffer3[i])) {
      |                                                                                       ^
../Core/Src/input_reading.c:49:115: warning: array subscript has type 'char' [-Wchar-subscripts]
   49 |   if ((debounceButtonBuffer1[i] == debounceButtonBuffer2[i]) && (debounceButtonBuffer1[i] == debounceButtonBuffer3[i])) {
      |                                                                                                                   ^
../Core/Src/input_reading.c:50:20: warning: array subscript has type 'char' [-Wchar-subscripts]
   50 |    if (buttonBuffer[i] == BUTTON_IS_RELEASED && debounceButtonBuffer1[i] == BUTTON_IS_PRESSED) {
      |                    ^
../Core/Src/input_reading.c:50:70: warning: array subscript has type 'char' [-Wchar-subscripts]
   50 |    if (buttonBuffer[i] == BUTTON_IS_RELEASED && debounceButtonBuffer1[i] == BUTTON_IS_PRESSED) {
      |                                                                      ^
../Core/Src/input_reading.c:51:16: warning: array subscript has type 'char' [-Wchar-subscripts]
   51 |     button_flag[i] = 1;
      |                ^
../Core/Src/input_reading.c:53:16: warning: array subscript has type 'char' [-Wchar-subscripts]
   53 |    buttonBuffer[i] = debounceButtonBuffer1[i];
      |                ^
../Core/Src/input_reading.c:53:43: warning: array subscript has type 'char' [-Wchar-subscripts]
   53 |    buttonBuffer[i] = debounceButtonBuffer1[i];
      |                                           ^
../Core/Src/input_reading.c:55:19: warning: array subscript has type 'char' [-Wchar-subscripts]
   55 |   if (buttonBuffer[i] == BUTTON_IS_PRESSED) {
      |                   ^
../Core/Src/input_reading.c:56:31: warning: array subscript has type 'char' [-Wchar-subscripts]
   56 |    if (counterForButtonPress1s[i] < DURATION_FOR_AUTO_INCREASING) {
      |                               ^
../Core/Src/input_reading.c:57:28: warning: array subscript has type 'char' [-Wchar-subscripts]
   57 |     counterForButtonPress1s[i]++;
      |                            ^
../Core/Src/input_reading.c:59:25: warning: array subscript has type 'char' [-Wchar-subscripts]
   59 |     flagForButtonPress1s[i] = 1;
      |                         ^
../Core/Src/input_reading.c:62:15: warning: array subscript has type 'char' [-Wchar-subscripts]
   62 |    button_flag[i] = 0;
      |               ^
../Core/Src/input_reading.c:63:27: warning: array subscript has type 'char' [-Wchar-subscripts]
   63 |    counterForButtonPress1s[i] = 0;
      |                           ^
../Core/Src/input_reading.c:64:24: warning: array subscript has type 'char' [-Wchar-subscripts]
   64 |    flagForButtonPress1s[i] = 0;
      |                        ^
arm-none-eabi-gcc -o "MidTerm.elf" @"objects.list"   -mcpu=cortex-m3 -T"E:\School\221\Microprocessor and microcontroller\Mid Term\STM32\MidTerm\STM32F103C6UX_FLASH.ld" --specs=nosys.specs -Wl,-Map="MidTerm.map" -Wl,--gc-sections -static --specs=nano.specs -mfloat-abi=soft -mthumb -Wl,--start-group -lc -lm -Wl,--end-group
Finished building target: MidTerm.elf
 
arm-none-eabi-size   MidTerm.elf 
arm-none-eabi-objdump -h -S  MidTerm.elf  > "MidTerm.list"
arm-none-eabi-objcopy  -O ihex  MidTerm.elf  "MidTerm.hex"
arm-none-eabi-objcopy  -O binary  MidTerm.elf  "MidTerm.bin"
   text	   data	    bss	    dec	    hex	filename
   7116	     24	   1648	   8788	   2254	MidTerm.elf
Finished building: default.size.stdout
 
Finished building: MidTerm.list
Finished building: MidTerm.hex
Finished building: MidTerm.bin
 
 
 
10:56:05 **** Incremental Build of configuration Debug for project MidTerm ****
make -j12 all 
arm-none-eabi-gcc "../Core/Src/input_reading.c" -mcpu=cortex-m3 -std=gnu11 -g3 -DDEBUG -DUSE_HAL_DRIVER -DSTM32F103x6 -c -I../Core/Inc -I../Drivers/STM32F1xx_HAL_Driver/Inc -I../Drivers/STM32F1xx_HAL_Driver/Inc/Legacy -I../Drivers/CMSIS/Device/ST/STM32F1xx/Include -I../Drivers/CMSIS/Include -O0 -ffunction-sections -fdata-sections -Wall -fstack-usage -MMD -MP -MF"Core/Src/input_reading.d" -MT"Core/Src/input_reading.o" --specs=nano.specs -mfloat-abi=soft -mthumb -o "Core/Src/input_reading.o"
arm-none-eabi-gcc -o "MidTerm.elf" @"objects.list"   -mcpu=cortex-m3 -T"E:\School\221\Microprocessor and microcontroller\Mid Term\STM32\MidTerm\STM32F103C6UX_FLASH.ld" --specs=nosys.specs -Wl,-Map="MidTerm.map" -Wl,--gc-sections -static --specs=nano.specs -mfloat-abi=soft -mthumb -Wl,--start-group -lc -lm -Wl,--end-group
Finished building target: MidTerm.elf
 
arm-none-eabi-size   MidTerm.elf 
arm-none-eabi-objdump -h -S  MidTerm.elf  > "MidTerm.list"
arm-none-eabi-objcopy  -O ihex  MidTerm.elf  "MidTerm.hex"
arm-none-eabi-objcopy  -O binary  MidTerm.elf  "MidTerm.bin"
   text	   data	    bss	    dec	    hex	filename
   7116	     24	   1648	   8788	   2254	MidTerm.elf
Finished building: default.size.stdout
 
Finished building: MidTerm.hex
Finished building: MidTerm.list
Finished building: MidTerm.bin
 
 
 
11:58:38 **** Incremental Build of configuration Debug for project MidTerm ****
make -j12 all 
arm-none-eabi-gcc "../Core/Src/main.c" -mcpu=cortex-m3 -std=gnu11 -g3 -DDEBUG -DUSE_HAL_DRIVER -DSTM32F103x6 -c -I../Core/Inc -I../Drivers/STM32F1xx_HAL_Driver/Inc -I../Drivers/STM32F1xx_HAL_Driver/Inc/Legacy -I../Drivers/CMSIS/Device/ST/STM32F1xx/Include -I../Drivers/CMSIS/Include -O0 -ffunction-sections -fdata-sections -Wall -fstack-usage -MMD -MP -MF"Core/Src/main.d" -MT"Core/Src/main.o" --specs=nano.specs -mfloat-abi=soft -mthumb -o "Core/Src/main.o"
arm-none-eabi-gcc -o "MidTerm.elf" @"objects.list"   -mcpu=cortex-m3 -T"E:\School\221\Microprocessor and microcontroller\Mid Term\STM32\MidTerm\STM32F103C6UX_FLASH.ld" --specs=nosys.specs -Wl,-Map="MidTerm.map" -Wl,--gc-sections -static --specs=nano.specs -mfloat-abi=soft -mthumb -Wl,--start-group -lc -lm -Wl,--end-group
Finished building target: MidTerm.elf
 
arm-none-eabi-size   MidTerm.elf 
arm-none-eabi-objdump -h -S  MidTerm.elf  > "MidTerm.list"
arm-none-eabi-objcopy  -O ihex  MidTerm.elf  "MidTerm.hex"
arm-none-eabi-objcopy  -O binary  MidTerm.elf  "MidTerm.bin"
   text	   data	    bss	    dec	    hex	filename
   8584	     28	   1692	  10304	   2840	MidTerm.elf
Finished building: default.size.stdout
 
Finished building: MidTerm.hex
Finished building: MidTerm.bin
Finished building: MidTerm.list
 
 
 
12:00:17 **** Incremental Build of configuration Debug for project MidTerm ****
make -j12 all 
arm-none-eabi-gcc "../Core/Src/main.c" -mcpu=cortex-m3 -std=gnu11 -g3 -DDEBUG -DUSE_HAL_DRIVER -DSTM32F103x6 -c -I../Core/Inc -I../Drivers/STM32F1xx_HAL_Driver/Inc -I../Drivers/STM32F1xx_HAL_Driver/Inc/Legacy -I../Drivers/CMSIS/Device/ST/STM32F1xx/Include -I../Drivers/CMSIS/Include -O0 -ffunction-sections -fdata-sections -Wall -fstack-usage -MMD -MP -MF"Core/Src/main.d" -MT"Core/Src/main.o" --specs=nano.specs -mfloat-abi=soft -mthumb -o "Core/Src/main.o"
arm-none-eabi-gcc -o "MidTerm.elf" @"objects.list"   -mcpu=cortex-m3 -T"E:\School\221\Microprocessor and microcontroller\Mid Term\STM32\MidTerm\STM32F103C6UX_FLASH.ld" --specs=nosys.specs -Wl,-Map="MidTerm.map" -Wl,--gc-sections -static --specs=nano.specs -mfloat-abi=soft -mthumb -Wl,--start-group -lc -lm -Wl,--end-group
Finished building target: MidTerm.elf
 
arm-none-eabi-size   MidTerm.elf 
arm-none-eabi-objdump -h -S  MidTerm.elf  > "MidTerm.list"
arm-none-eabi-objcopy  -O ihex  MidTerm.elf  "MidTerm.hex"
arm-none-eabi-objcopy  -O binary  MidTerm.elf  "MidTerm.bin"
   text	   data	    bss	    dec	    hex	filename
   8584	     28	   1692	  10304	   2840	MidTerm.elf
Finished building: default.size.stdout
 
Finished building: MidTerm.hex
Finished building: MidTerm.list
Finished building: MidTerm.bin
 
 
 
12:03:43 **** Incremental Build of configuration Debug for project MidTerm ****
make -j12 all 
arm-none-eabi-gcc "../Core/Src/main.c" -mcpu=cortex-m3 -std=gnu11 -g3 -DDEBUG -DUSE_HAL_DRIVER -DSTM32F103x6 -c -I../Core/Inc -I../Drivers/STM32F1xx_HAL_Driver/Inc -I../Drivers/STM32F1xx_HAL_Driver/Inc/Legacy -I../Drivers/CMSIS/Device/ST/STM32F1xx/Include -I../Drivers/CMSIS/Include -O0 -ffunction-sections -fdata-sections -Wall -fstack-usage -MMD -MP -MF"Core/Src/main.d" -MT"Core/Src/main.o" --specs=nano.specs -mfloat-abi=soft -mthumb -o "Core/Src/main.o"
arm-none-eabi-gcc -o "MidTerm.elf" @"objects.list"   -mcpu=cortex-m3 -T"E:\School\221\Microprocessor and microcontroller\Mid Term\STM32\MidTerm\STM32F103C6UX_FLASH.ld" --specs=nosys.specs -Wl,-Map="MidTerm.map" -Wl,--gc-sections -static --specs=nano.specs -mfloat-abi=soft -mthumb -Wl,--start-group -lc -lm -Wl,--end-group
Finished building target: MidTerm.elf
 
arm-none-eabi-size   MidTerm.elf 
arm-none-eabi-objdump -h -S  MidTerm.elf  > "MidTerm.list"
arm-none-eabi-objcopy  -O ihex  MidTerm.elf  "MidTerm.hex"
arm-none-eabi-objcopy  -O binary  MidTerm.elf  "MidTerm.bin"
   text	   data	    bss	    dec	    hex	filename
   8580	     28	   1692	  10300	   283c	MidTerm.elf
Finished building: default.size.stdout
 
Finished building: MidTerm.hex
Finished building: MidTerm.list
Finished building: MidTerm.bin
 
 
 
12:06:44 **** Incremental Build of configuration Debug for project MidTerm ****
make -j12 all 
arm-none-eabi-gcc "../Core/Src/main.c" -mcpu=cortex-m3 -std=gnu11 -g3 -DDEBUG -DUSE_HAL_DRIVER -DSTM32F103x6 -c -I../Core/Inc -I../Drivers/STM32F1xx_HAL_Driver/Inc -I../Drivers/STM32F1xx_HAL_Driver/Inc/Legacy -I../Drivers/CMSIS/Device/ST/STM32F1xx/Include -I../Drivers/CMSIS/Include -O0 -ffunction-sections -fdata-sections -Wall -fstack-usage -MMD -MP -MF"Core/Src/main.d" -MT"Core/Src/main.o" --specs=nano.specs -mfloat-abi=soft -mthumb -o "Core/Src/main.o"
arm-none-eabi-gcc -o "MidTerm.elf" @"objects.list"   -mcpu=cortex-m3 -T"E:\School\221\Microprocessor and microcontroller\Mid Term\STM32\MidTerm\STM32F103C6UX_FLASH.ld" --specs=nosys.specs -Wl,-Map="MidTerm.map" -Wl,--gc-sections -static --specs=nano.specs -mfloat-abi=soft -mthumb -Wl,--start-group -lc -lm -Wl,--end-group
Finished building target: MidTerm.elf
 
arm-none-eabi-size   MidTerm.elf 
arm-none-eabi-objdump -h -S  MidTerm.elf  > "MidTerm.list"
arm-none-eabi-objcopy  -O ihex  MidTerm.elf  "MidTerm.hex"
arm-none-eabi-objcopy  -O binary  MidTerm.elf  "MidTerm.bin"
   text	   data	    bss	    dec	    hex	filename
   8584	     28	   1692	  10304	   2840	MidTerm.elf
Finished building: default.size.stdout
 
Finished building: MidTerm.list
Finished building: MidTerm.hex
Finished building: MidTerm.bin
 
 
 
12:09:27 **** Incremental Build of configuration Debug for project MidTerm ****
make -j12 all 
arm-none-eabi-gcc "../Core/Src/input_reading.c" -mcpu=cortex-m3 -std=gnu11 -g3 -DDEBUG -DUSE_HAL_DRIVER -DSTM32F103x6 -c -I../Core/Inc -I../Drivers/STM32F1xx_HAL_Driver/Inc -I../Drivers/STM32F1xx_HAL_Driver/Inc/Legacy -I../Drivers/CMSIS/Device/ST/STM32F1xx/Include -I../Drivers/CMSIS/Include -O0 -ffunction-sections -fdata-sections -Wall -fstack-usage -MMD -MP -MF"Core/Src/input_reading.d" -MT"Core/Src/input_reading.o" --specs=nano.specs -mfloat-abi=soft -mthumb -o "Core/Src/input_reading.o"
arm-none-eabi-gcc "../Core/Src/main.c" -mcpu=cortex-m3 -std=gnu11 -g3 -DDEBUG -DUSE_HAL_DRIVER -DSTM32F103x6 -c -I../Core/Inc -I../Drivers/STM32F1xx_HAL_Driver/Inc -I../Drivers/STM32F1xx_HAL_Driver/Inc/Legacy -I../Drivers/CMSIS/Device/ST/STM32F1xx/Include -I../Drivers/CMSIS/Include -O0 -ffunction-sections -fdata-sections -Wall -fstack-usage -MMD -MP -MF"Core/Src/main.d" -MT"Core/Src/main.o" --specs=nano.specs -mfloat-abi=soft -mthumb -o "Core/Src/main.o"
../Core/Src/input_reading.c: In function 'check_button_flag':
../Core/Src/input_reading.c:27:3: warning: implicit declaration of function 'display7SEG' [-Wimplicit-function-declaration]
   27 |   display7SEG(i);
      |   ^~~~~~~~~~~
arm-none-eabi-gcc -o "MidTerm.elf" @"objects.list"   -mcpu=cortex-m3 -T"E:\School\221\Microprocessor and microcontroller\Mid Term\STM32\MidTerm\STM32F103C6UX_FLASH.ld" --specs=nosys.specs -Wl,-Map="MidTerm.map" -Wl,--gc-sections -static --specs=nano.specs -mfloat-abi=soft -mthumb -Wl,--start-group -lc -lm -Wl,--end-group
Finished building target: MidTerm.elf
 
arm-none-eabi-size   MidTerm.elf 
arm-none-eabi-objdump -h -S  MidTerm.elf  > "MidTerm.list"
arm-none-eabi-objcopy  -O ihex  MidTerm.elf  "MidTerm.hex"
arm-none-eabi-objcopy  -O binary  MidTerm.elf  "MidTerm.bin"
   text	   data	    bss	    dec	    hex	filename
   8588	     28	   1692	  10308	   2844	MidTerm.elf
Finished building: default.size.stdout
 
Finished building: MidTerm.list
Finished building: MidTerm.hex
Finished building: MidTerm.bin
 
 
 
12:09:43 **** Incremental Build of configuration Debug for project MidTerm ****
make -j12 all 
arm-none-eabi-gcc "../Core/Src/input_reading.c" -mcpu=cortex-m3 -std=gnu11 -g3 -DDEBUG -DUSE_HAL_DRIVER -DSTM32F103x6 -c -I../Core/Inc -I../Drivers/STM32F1xx_HAL_Driver/Inc -I../Drivers/STM32F1xx_HAL_Driver/Inc/Legacy -I../Drivers/CMSIS/Device/ST/STM32F1xx/Include -I../Drivers/CMSIS/Include -O0 -ffunction-sections -fdata-sections -Wall -fstack-usage -MMD -MP -MF"Core/Src/input_reading.d" -MT"Core/Src/input_reading.o" --specs=nano.specs -mfloat-abi=soft -mthumb -o "Core/Src/input_reading.o"
arm-none-eabi-gcc -o "MidTerm.elf" @"objects.list"   -mcpu=cortex-m3 -T"E:\School\221\Microprocessor and microcontroller\Mid Term\STM32\MidTerm\STM32F103C6UX_FLASH.ld" --specs=nosys.specs -Wl,-Map="MidTerm.map" -Wl,--gc-sections -static --specs=nano.specs -mfloat-abi=soft -mthumb -Wl,--start-group -lc -lm -Wl,--end-group
c:\st\stm32cubeide_1.7.0\stm32cubeide\plugins\com.st.stm32cube.ide.mcu.externaltools.gnu-tools-for-stm32.9-2020-q2-update.win32_2.0.0.202105311346\tools\arm-none-eabi\bin\ld.exe: ./Core/Src/main.o:E:/School/221/Microprocessor and microcontroller/Mid Term/STM32/MidTerm/Debug/../Core/Inc/7SEG_display.h:12: multiple definition of `current_number'; ./Core/Src/input_reading.o:E:/School/221/Microprocessor and microcontroller/Mid Term/STM32/MidTerm/Debug/../Core/Inc/7SEG_display.h:12: first defined here
c:\st\stm32cubeide_1.7.0\stm32cubeide\plugins\com.st.stm32cube.ide.mcu.externaltools.gnu-tools-for-stm32.9-2020-q2-update.win32_2.0.0.202105311346\tools\arm-none-eabi\bin\ld.exe: ./Core/Src/main.o: in function `display7SEG':
E:/School/221/Microprocessor and microcontroller/Mid Term/STM32/MidTerm/Debug/../Core/Inc/7SEG_display.h:13: multiple definition of `display7SEG'; ./Core/Src/input_reading.o:E:/School/221/Microprocessor and microcontroller/Mid Term/STM32/MidTerm/Debug/../Core/Inc/7SEG_display.h:13: first defined here
collect2.exe: error: ld returned 1 exit status
make: *** [makefile:68: MidTerm.elf] Error 1
"make -j12 all" terminated with exit code 2. Build might be incomplete.
12:11:29 **** Incremental Build of configuration Debug for project MidTerm ****
make -j12 all 
arm-none-eabi-gcc "../Core/Src/input_reading.c" -mcpu=cortex-m3 -std=gnu11 -g3 -DDEBUG -DUSE_HAL_DRIVER -DSTM32F103x6 -c -I../Core/Inc -I../Drivers/STM32F1xx_HAL_Driver/Inc -I../Drivers/STM32F1xx_HAL_Driver/Inc/Legacy -I../Drivers/CMSIS/Device/ST/STM32F1xx/Include -I../Drivers/CMSIS/Include -O0 -ffunction-sections -fdata-sections -Wall -fstack-usage -MMD -MP -MF"Core/Src/input_reading.d" -MT"Core/Src/input_reading.o" --specs=nano.specs -mfloat-abi=soft -mthumb -o "Core/Src/input_reading.o"
arm-none-eabi-gcc "../Core/Src/main.c" -mcpu=cortex-m3 -std=gnu11 -g3 -DDEBUG -DUSE_HAL_DRIVER -DSTM32F103x6 -c -I../Core/Inc -I../Drivers/STM32F1xx_HAL_Driver/Inc -I../Drivers/STM32F1xx_HAL_Driver/Inc/Legacy -I../Drivers/CMSIS/Device/ST/STM32F1xx/Include -I../Drivers/CMSIS/Include -O0 -ffunction-sections -fdata-sections -Wall -fstack-usage -MMD -MP -MF"Core/Src/main.d" -MT"Core/Src/main.o" --specs=nano.specs -mfloat-abi=soft -mthumb -o "Core/Src/main.o"
arm-none-eabi-gcc -o "MidTerm.elf" @"objects.list"   -mcpu=cortex-m3 -T"E:\School\221\Microprocessor and microcontroller\Mid Term\STM32\MidTerm\STM32F103C6UX_FLASH.ld" --specs=nosys.specs -Wl,-Map="MidTerm.map" -Wl,--gc-sections -static --specs=nano.specs -mfloat-abi=soft -mthumb -Wl,--start-group -lc -lm -Wl,--end-group
c:\st\stm32cubeide_1.7.0\stm32cubeide\plugins\com.st.stm32cube.ide.mcu.externaltools.gnu-tools-for-stm32.9-2020-q2-update.win32_2.0.0.202105311346\tools\arm-none-eabi\bin\ld.exe: ./Core/Src/main.o:E:/School/221/Microprocessor and microcontroller/Mid Term/STM32/MidTerm/Debug/../Core/Inc/7SEG_display.h:12: multiple definition of `current_number'; ./Core/Src/input_reading.o:E:/School/221/Microprocessor and microcontroller/Mid Term/STM32/MidTerm/Debug/../Core/Inc/7SEG_display.h:12: first defined here
c:\st\stm32cubeide_1.7.0\stm32cubeide\plugins\com.st.stm32cube.ide.mcu.externaltools.gnu-tools-for-stm32.9-2020-q2-update.win32_2.0.0.202105311346\tools\arm-none-eabi\bin\ld.exe: ./Core/Src/main.o: in function `display7SEG':
E:/School/221/Microprocessor and microcontroller/Mid Term/STM32/MidTerm/Debug/../Core/Inc/7SEG_display.h:13: multiple definition of `display7SEG'; ./Core/Src/input_reading.o:E:/School/221/Microprocessor and microcontroller/Mid Term/STM32/MidTerm/Debug/../Core/Inc/7SEG_display.h:13: first defined here
collect2.exe: error: ld returned 1 exit status
make: *** [makefile:68: MidTerm.elf] Error 1
"make -j12 all" terminated with exit code 2. Build might be incomplete.
12:13:08 **** Incremental Build of configuration Debug for project MidTerm ****
make -j12 all 
arm-none-eabi-gcc "../Core/Src/input_reading.c" -mcpu=cortex-m3 -std=gnu11 -g3 -DDEBUG -DUSE_HAL_DRIVER -DSTM32F103x6 -c -I../Core/Inc -I../Drivers/STM32F1xx_HAL_Driver/Inc -I../Drivers/STM32F1xx_HAL_Driver/Inc/Legacy -I../Drivers/CMSIS/Device/ST/STM32F1xx/Include -I../Drivers/CMSIS/Include -O0 -ffunction-sections -fdata-sections -Wall -fstack-usage -MMD -MP -MF"Core/Src/input_reading.d" -MT"Core/Src/input_reading.o" --specs=nano.specs -mfloat-abi=soft -mthumb -o "Core/Src/input_reading.o"
arm-none-eabi-gcc "../Core/Src/main.c" -mcpu=cortex-m3 -std=gnu11 -g3 -DDEBUG -DUSE_HAL_DRIVER -DSTM32F103x6 -c -I../Core/Inc -I../Drivers/STM32F1xx_HAL_Driver/Inc -I../Drivers/STM32F1xx_HAL_Driver/Inc/Legacy -I../Drivers/CMSIS/Device/ST/STM32F1xx/Include -I../Drivers/CMSIS/Include -O0 -ffunction-sections -fdata-sections -Wall -fstack-usage -MMD -MP -MF"Core/Src/main.d" -MT"Core/Src/main.o" --specs=nano.specs -mfloat-abi=soft -mthumb -o "Core/Src/main.o"
../Core/Src/input_reading.c: In function 'check_button_flag':
../Core/Src/input_reading.c:27:41: error: 'LED_RED_GPIO_Pin' undeclared (first use in this function); did you mean 'LED_RED_GPIO_Port'?
   27 |   HAL_GPIO_TogglePin(LED_RED_GPIO_Port, LED_RED_GPIO_Pin)
      |                                         ^~~~~~~~~~~~~~~~
      |                                         LED_RED_GPIO_Port
../Core/Src/input_reading.c:27:41: note: each undeclared identifier is reported only once for each function it appears in
../Core/Src/input_reading.c:27:58: error: expected ';' before 'return'
   27 |   HAL_GPIO_TogglePin(LED_RED_GPIO_Port, LED_RED_GPIO_Pin)
      |                                                          ^
      |                                                          ;
   28 |   return 1;
      |   ~~~~~~                                                  
make: *** [Core/Src/subdir.mk:37: Core/Src/input_reading.o] Error 1
make: *** Waiting for unfinished jobs....
"make -j12 all" terminated with exit code 2. Build might be incomplete.
12:13:22 **** Incremental Build of configuration Debug for project MidTerm ****
make -j12 all 
arm-none-eabi-gcc "../Core/Src/input_reading.c" -mcpu=cortex-m3 -std=gnu11 -g3 -DDEBUG -DUSE_HAL_DRIVER -DSTM32F103x6 -c -I../Core/Inc -I../Drivers/STM32F1xx_HAL_Driver/Inc -I../Drivers/STM32F1xx_HAL_Driver/Inc/Legacy -I../Drivers/CMSIS/Device/ST/STM32F1xx/Include -I../Drivers/CMSIS/Include -O0 -ffunction-sections -fdata-sections -Wall -fstack-usage -MMD -MP -MF"Core/Src/input_reading.d" -MT"Core/Src/input_reading.o" --specs=nano.specs -mfloat-abi=soft -mthumb -o "Core/Src/input_reading.o"
../Core/Src/input_reading.c: In function 'check_button_flag':
../Core/Src/input_reading.c:27:41: error: 'LED_RED_GPIO_Pin' undeclared (first use in this function); did you mean 'LED_RED_GPIO_Port'?
   27 |   HAL_GPIO_TogglePin(LED_RED_GPIO_Port, LED_RED_GPIO_Pin);
      |                                         ^~~~~~~~~~~~~~~~
      |                                         LED_RED_GPIO_Port
../Core/Src/input_reading.c:27:41: note: each undeclared identifier is reported only once for each function it appears in
make: *** [Core/Src/subdir.mk:37: Core/Src/input_reading.o] Error 1
"make -j12 all" terminated with exit code 2. Build might be incomplete.
12:13:38 **** Incremental Build of configuration Debug for project MidTerm ****
make -j12 all 
arm-none-eabi-gcc "../Core/Src/input_reading.c" -mcpu=cortex-m3 -std=gnu11 -g3 -DDEBUG -DUSE_HAL_DRIVER -DSTM32F103x6 -c -I../Core/Inc -I../Drivers/STM32F1xx_HAL_Driver/Inc -I../Drivers/STM32F1xx_HAL_Driver/Inc/Legacy -I../Drivers/CMSIS/Device/ST/STM32F1xx/Include -I../Drivers/CMSIS/Include -O0 -ffunction-sections -fdata-sections -Wall -fstack-usage -MMD -MP -MF"Core/Src/input_reading.d" -MT"Core/Src/input_reading.o" --specs=nano.specs -mfloat-abi=soft -mthumb -o "Core/Src/input_reading.o"
arm-none-eabi-gcc -o "MidTerm.elf" @"objects.list"   -mcpu=cortex-m3 -T"E:\School\221\Microprocessor and microcontroller\Mid Term\STM32\MidTerm\STM32F103C6UX_FLASH.ld" --specs=nosys.specs -Wl,-Map="MidTerm.map" -Wl,--gc-sections -static --specs=nano.specs -mfloat-abi=soft -mthumb -Wl,--start-group -lc -lm -Wl,--end-group
c:\st\stm32cubeide_1.7.0\stm32cubeide\plugins\com.st.stm32cube.ide.mcu.externaltools.gnu-tools-for-stm32.9-2020-q2-update.win32_2.0.0.202105311346\tools\arm-none-eabi\bin\ld.exe: ./Core/Src/main.o:E:/School/221/Microprocessor and microcontroller/Mid Term/STM32/MidTerm/Debug/../Core/Inc/7SEG_display.h:11: multiple definition of `current_number'; ./Core/Src/input_reading.o:E:/School/221/Microprocessor and microcontroller/Mid Term/STM32/MidTerm/Debug/../Core/Inc/7SEG_display.h:11: first defined here
c:\st\stm32cubeide_1.7.0\stm32cubeide\plugins\com.st.stm32cube.ide.mcu.externaltools.gnu-tools-for-stm32.9-2020-q2-update.win32_2.0.0.202105311346\tools\arm-none-eabi\bin\ld.exe: ./Core/Src/main.o: in function `display7SEG':
E:/School/221/Microprocessor and microcontroller/Mid Term/STM32/MidTerm/Debug/../Core/Inc/7SEG_display.h:12: multiple definition of `display7SEG'; ./Core/Src/input_reading.o:E:/School/221/Microprocessor and microcontroller/Mid Term/STM32/MidTerm/Debug/../Core/Inc/7SEG_display.h:12: first defined here
collect2.exe: error: ld returned 1 exit status
make: *** [makefile:68: MidTerm.elf] Error 1
"make -j12 all" terminated with exit code 2. Build might be incomplete.
12:13:56 **** Incremental Build of configuration Debug for project MidTerm ****
make -j12 all 
arm-none-eabi-gcc "../Core/Src/input_reading.c" -mcpu=cortex-m3 -std=gnu11 -g3 -DDEBUG -DUSE_HAL_DRIVER -DSTM32F103x6 -c -I../Core/Inc -I../Drivers/STM32F1xx_HAL_Driver/Inc -I../Drivers/STM32F1xx_HAL_Driver/Inc/Legacy -I../Drivers/CMSIS/Device/ST/STM32F1xx/Include -I../Drivers/CMSIS/Include -O0 -ffunction-sections -fdata-sections -Wall -fstack-usage -MMD -MP -MF"Core/Src/input_reading.d" -MT"Core/Src/input_reading.o" --specs=nano.specs -mfloat-abi=soft -mthumb -o "Core/Src/input_reading.o"
arm-none-eabi-gcc "../Core/Src/main.c" -mcpu=cortex-m3 -std=gnu11 -g3 -DDEBUG -DUSE_HAL_DRIVER -DSTM32F103x6 -c -I../Core/Inc -I../Drivers/STM32F1xx_HAL_Driver/Inc -I../Drivers/STM32F1xx_HAL_Driver/Inc/Legacy -I../Drivers/CMSIS/Device/ST/STM32F1xx/Include -I../Drivers/CMSIS/Include -O0 -ffunction-sections -fdata-sections -Wall -fstack-usage -MMD -MP -MF"Core/Src/main.d" -MT"Core/Src/main.o" --specs=nano.specs -mfloat-abi=soft -mthumb -o "Core/Src/main.o"
arm-none-eabi-gcc -o "MidTerm.elf" @"objects.list"   -mcpu=cortex-m3 -T"E:\School\221\Microprocessor and microcontroller\Mid Term\STM32\MidTerm\STM32F103C6UX_FLASH.ld" --specs=nosys.specs -Wl,-Map="MidTerm.map" -Wl,--gc-sections -static --specs=nano.specs -mfloat-abi=soft -mthumb -Wl,--start-group -lc -lm -Wl,--end-group
Finished building target: MidTerm.elf
 
arm-none-eabi-size   MidTerm.elf 
arm-none-eabi-objdump -h -S  MidTerm.elf  > "MidTerm.list"
arm-none-eabi-objcopy  -O ihex  MidTerm.elf  "MidTerm.hex"
arm-none-eabi-objcopy  -O binary  MidTerm.elf  "MidTerm.bin"
   text	   data	    bss	    dec	    hex	filename
   8556	     28	   1692	  10276	   2824	MidTerm.elf
Finished building: default.size.stdout
 
Finished building: MidTerm.hex
Finished building: MidTerm.list
Finished building: MidTerm.bin
 
 
 
12:16:53 **** Incremental Build of configuration Debug for project MidTerm ****
make -j12 all 
arm-none-eabi-gcc "../Drivers/STM32F1xx_HAL_Driver/Src/stm32f1xx_hal.c" -mcpu=cortex-m3 -std=gnu11 -g3 -DDEBUG -DUSE_HAL_DRIVER -DSTM32F103x6 -c -I../Core/Inc -I../Drivers/STM32F1xx_HAL_Driver/Inc -I../Drivers/STM32F1xx_HAL_Driver/Inc/Legacy -I../Drivers/CMSIS/Device/ST/STM32F1xx/Include -I../Drivers/CMSIS/Include -O0 -ffunction-sections -fdata-sections -Wall -fstack-usage -MMD -MP -MF"Drivers/STM32F1xx_HAL_Driver/Src/stm32f1xx_hal.d" -MT"Drivers/STM32F1xx_HAL_Driver/Src/stm32f1xx_hal.o" --specs=nano.specs -mfloat-abi=soft -mthumb -o "Drivers/STM32F1xx_HAL_Driver/Src/stm32f1xx_hal.o"
arm-none-eabi-gcc "../Drivers/STM32F1xx_HAL_Driver/Src/stm32f1xx_hal_cortex.c" -mcpu=cortex-m3 -std=gnu11 -g3 -DDEBUG -DUSE_HAL_DRIVER -DSTM32F103x6 -c -I../Core/Inc -I../Drivers/STM32F1xx_HAL_Driver/Inc -I../Drivers/STM32F1xx_HAL_Driver/Inc/Legacy -I../Drivers/CMSIS/Device/ST/STM32F1xx/Include -I../Drivers/CMSIS/Include -O0 -ffunction-sections -fdata-sections -Wall -fstack-usage -MMD -MP -MF"Drivers/STM32F1xx_HAL_Driver/Src/stm32f1xx_hal_cortex.d" -MT"Drivers/STM32F1xx_HAL_Driver/Src/stm32f1xx_hal_cortex.o" --specs=nano.specs -mfloat-abi=soft -mthumb -o "Drivers/STM32F1xx_HAL_Driver/Src/stm32f1xx_hal_cortex.o"
arm-none-eabi-gcc "../Drivers/STM32F1xx_HAL_Driver/Src/stm32f1xx_hal_dma.c" -mcpu=cortex-m3 -std=gnu11 -g3 -DDEBUG -DUSE_HAL_DRIVER -DSTM32F103x6 -c -I../Core/Inc -I../Drivers/STM32F1xx_HAL_Driver/Inc -I../Drivers/STM32F1xx_HAL_Driver/Inc/Legacy -I../Drivers/CMSIS/Device/ST/STM32F1xx/Include -I../Drivers/CMSIS/Include -O0 -ffunction-sections -fdata-sections -Wall -fstack-usage -MMD -MP -MF"Drivers/STM32F1xx_HAL_Driver/Src/stm32f1xx_hal_dma.d" -MT"Drivers/STM32F1xx_HAL_Driver/Src/stm32f1xx_hal_dma.o" --specs=nano.specs -mfloat-abi=soft -mthumb -o "Drivers/STM32F1xx_HAL_Driver/Src/stm32f1xx_hal_dma.o"
arm-none-eabi-gcc "../Drivers/STM32F1xx_HAL_Driver/Src/stm32f1xx_hal_exti.c" -mcpu=cortex-m3 -std=gnu11 -g3 -DDEBUG -DUSE_HAL_DRIVER -DSTM32F103x6 -c -I../Core/Inc -I../Drivers/STM32F1xx_HAL_Driver/Inc -I../Drivers/STM32F1xx_HAL_Driver/Inc/Legacy -I../Drivers/CMSIS/Device/ST/STM32F1xx/Include -I../Drivers/CMSIS/Include -O0 -ffunction-sections -fdata-sections -Wall -fstack-usage -MMD -MP -MF"Drivers/STM32F1xx_HAL_Driver/Src/stm32f1xx_hal_exti.d" -MT"Drivers/STM32F1xx_HAL_Driver/Src/stm32f1xx_hal_exti.o" --specs=nano.specs -mfloat-abi=soft -mthumb -o "Drivers/STM32F1xx_HAL_Driver/Src/stm32f1xx_hal_exti.o"
arm-none-eabi-gcc "../Drivers/STM32F1xx_HAL_Driver/Src/stm32f1xx_hal_flash.c" -mcpu=cortex-m3 -std=gnu11 -g3 -DDEBUG -DUSE_HAL_DRIVER -DSTM32F103x6 -c -I../Core/Inc -I../Drivers/STM32F1xx_HAL_Driver/Inc -I../Drivers/STM32F1xx_HAL_Driver/Inc/Legacy -I../Drivers/CMSIS/Device/ST/STM32F1xx/Include -I../Drivers/CMSIS/Include -O0 -ffunction-sections -fdata-sections -Wall -fstack-usage -MMD -MP -MF"Drivers/STM32F1xx_HAL_Driver/Src/stm32f1xx_hal_flash.d" -MT"Drivers/STM32F1xx_HAL_Driver/Src/stm32f1xx_hal_flash.o" --specs=nano.specs -mfloat-abi=soft -mthumb -o "Drivers/STM32F1xx_HAL_Driver/Src/stm32f1xx_hal_flash.o"
arm-none-eabi-gcc "../Drivers/STM32F1xx_HAL_Driver/Src/stm32f1xx_hal_flash_ex.c" -mcpu=cortex-m3 -std=gnu11 -g3 -DDEBUG -DUSE_HAL_DRIVER -DSTM32F103x6 -c -I../Core/Inc -I../Drivers/STM32F1xx_HAL_Driver/Inc -I../Drivers/STM32F1xx_HAL_Driver/Inc/Legacy -I../Drivers/CMSIS/Device/ST/STM32F1xx/Include -I../Drivers/CMSIS/Include -O0 -ffunction-sections -fdata-sections -Wall -fstack-usage -MMD -MP -MF"Drivers/STM32F1xx_HAL_Driver/Src/stm32f1xx_hal_flash_ex.d" -MT"Drivers/STM32F1xx_HAL_Driver/Src/stm32f1xx_hal_flash_ex.o" --specs=nano.specs -mfloat-abi=soft -mthumb -o "Drivers/STM32F1xx_HAL_Driver/Src/stm32f1xx_hal_flash_ex.o"
arm-none-eabi-gcc "../Drivers/STM32F1xx_HAL_Driver/Src/stm32f1xx_hal_gpio.c" -mcpu=cortex-m3 -std=gnu11 -g3 -DDEBUG -DUSE_HAL_DRIVER -DSTM32F103x6 -c -I../Core/Inc -I../Drivers/STM32F1xx_HAL_Driver/Inc -I../Drivers/STM32F1xx_HAL_Driver/Inc/Legacy -I../Drivers/CMSIS/Device/ST/STM32F1xx/Include -I../Drivers/CMSIS/Include -O0 -ffunction-sections -fdata-sections -Wall -fstack-usage -MMD -MP -MF"Drivers/STM32F1xx_HAL_Driver/Src/stm32f1xx_hal_gpio.d" -MT"Drivers/STM32F1xx_HAL_Driver/Src/stm32f1xx_hal_gpio.o" --specs=nano.specs -mfloat-abi=soft -mthumb -o "Drivers/STM32F1xx_HAL_Driver/Src/stm32f1xx_hal_gpio.o"
arm-none-eabi-gcc "../Drivers/STM32F1xx_HAL_Driver/Src/stm32f1xx_hal_gpio_ex.c" -mcpu=cortex-m3 -std=gnu11 -g3 -DDEBUG -DUSE_HAL_DRIVER -DSTM32F103x6 -c -I../Core/Inc -I../Drivers/STM32F1xx_HAL_Driver/Inc -I../Drivers/STM32F1xx_HAL_Driver/Inc/Legacy -I../Drivers/CMSIS/Device/ST/STM32F1xx/Include -I../Drivers/CMSIS/Include -O0 -ffunction-sections -fdata-sections -Wall -fstack-usage -MMD -MP -MF"Drivers/STM32F1xx_HAL_Driver/Src/stm32f1xx_hal_gpio_ex.d" -MT"Drivers/STM32F1xx_HAL_Driver/Src/stm32f1xx_hal_gpio_ex.o" --specs=nano.specs -mfloat-abi=soft -mthumb -o "Drivers/STM32F1xx_HAL_Driver/Src/stm32f1xx_hal_gpio_ex.o"
arm-none-eabi-gcc "../Drivers/STM32F1xx_HAL_Driver/Src/stm32f1xx_hal_pwr.c" -mcpu=cortex-m3 -std=gnu11 -g3 -DDEBUG -DUSE_HAL_DRIVER -DSTM32F103x6 -c -I../Core/Inc -I../Drivers/STM32F1xx_HAL_Driver/Inc -I../Drivers/STM32F1xx_HAL_Driver/Inc/Legacy -I../Drivers/CMSIS/Device/ST/STM32F1xx/Include -I../Drivers/CMSIS/Include -O0 -ffunction-sections -fdata-sections -Wall -fstack-usage -MMD -MP -MF"Drivers/STM32F1xx_HAL_Driver/Src/stm32f1xx_hal_pwr.d" -MT"Drivers/STM32F1xx_HAL_Driver/Src/stm32f1xx_hal_pwr.o" --specs=nano.specs -mfloat-abi=soft -mthumb -o "Drivers/STM32F1xx_HAL_Driver/Src/stm32f1xx_hal_pwr.o"
arm-none-eabi-gcc "../Drivers/STM32F1xx_HAL_Driver/Src/stm32f1xx_hal_rcc.c" -mcpu=cortex-m3 -std=gnu11 -g3 -DDEBUG -DUSE_HAL_DRIVER -DSTM32F103x6 -c -I../Core/Inc -I../Drivers/STM32F1xx_HAL_Driver/Inc -I../Drivers/STM32F1xx_HAL_Driver/Inc/Legacy -I../Drivers/CMSIS/Device/ST/STM32F1xx/Include -I../Drivers/CMSIS/Include -O0 -ffunction-sections -fdata-sections -Wall -fstack-usage -MMD -MP -MF"Drivers/STM32F1xx_HAL_Driver/Src/stm32f1xx_hal_rcc.d" -MT"Drivers/STM32F1xx_HAL_Driver/Src/stm32f1xx_hal_rcc.o" --specs=nano.specs -mfloat-abi=soft -mthumb -o "Drivers/STM32F1xx_HAL_Driver/Src/stm32f1xx_hal_rcc.o"
arm-none-eabi-gcc "../Drivers/STM32F1xx_HAL_Driver/Src/stm32f1xx_hal_rcc_ex.c" -mcpu=cortex-m3 -std=gnu11 -g3 -DDEBUG -DUSE_HAL_DRIVER -DSTM32F103x6 -c -I../Core/Inc -I../Drivers/STM32F1xx_HAL_Driver/Inc -I../Drivers/STM32F1xx_HAL_Driver/Inc/Legacy -I../Drivers/CMSIS/Device/ST/STM32F1xx/Include -I../Drivers/CMSIS/Include -O0 -ffunction-sections -fdata-sections -Wall -fstack-usage -MMD -MP -MF"Drivers/STM32F1xx_HAL_Driver/Src/stm32f1xx_hal_rcc_ex.d" -MT"Drivers/STM32F1xx_HAL_Driver/Src/stm32f1xx_hal_rcc_ex.o" --specs=nano.specs -mfloat-abi=soft -mthumb -o "Drivers/STM32F1xx_HAL_Driver/Src/stm32f1xx_hal_rcc_ex.o"
arm-none-eabi-gcc "../Drivers/STM32F1xx_HAL_Driver/Src/stm32f1xx_hal_tim.c" -mcpu=cortex-m3 -std=gnu11 -g3 -DDEBUG -DUSE_HAL_DRIVER -DSTM32F103x6 -c -I../Core/Inc -I../Drivers/STM32F1xx_HAL_Driver/Inc -I../Drivers/STM32F1xx_HAL_Driver/Inc/Legacy -I../Drivers/CMSIS/Device/ST/STM32F1xx/Include -I../Drivers/CMSIS/Include -O0 -ffunction-sections -fdata-sections -Wall -fstack-usage -MMD -MP -MF"Drivers/STM32F1xx_HAL_Driver/Src/stm32f1xx_hal_tim.d" -MT"Drivers/STM32F1xx_HAL_Driver/Src/stm32f1xx_hal_tim.o" --specs=nano.specs -mfloat-abi=soft -mthumb -o "Drivers/STM32F1xx_HAL_Driver/Src/stm32f1xx_hal_tim.o"
arm-none-eabi-gcc "../Drivers/STM32F1xx_HAL_Driver/Src/stm32f1xx_hal_tim_ex.c" -mcpu=cortex-m3 -std=gnu11 -g3 -DDEBUG -DUSE_HAL_DRIVER -DSTM32F103x6 -c -I../Core/Inc -I../Drivers/STM32F1xx_HAL_Driver/Inc -I../Drivers/STM32F1xx_HAL_Driver/Inc/Legacy -I../Drivers/CMSIS/Device/ST/STM32F1xx/Include -I../Drivers/CMSIS/Include -O0 -ffunction-sections -fdata-sections -Wall -fstack-usage -MMD -MP -MF"Drivers/STM32F1xx_HAL_Driver/Src/stm32f1xx_hal_tim_ex.d" -MT"Drivers/STM32F1xx_HAL_Driver/Src/stm32f1xx_hal_tim_ex.o" --specs=nano.specs -mfloat-abi=soft -mthumb -o "Drivers/STM32F1xx_HAL_Driver/Src/stm32f1xx_hal_tim_ex.o"
arm-none-eabi-gcc "../Core/Src/input_reading.c" -mcpu=cortex-m3 -std=gnu11 -g3 -DDEBUG -DUSE_HAL_DRIVER -DSTM32F103x6 -c -I../Core/Inc -I../Drivers/STM32F1xx_HAL_Driver/Inc -I../Drivers/STM32F1xx_HAL_Driver/Inc/Legacy -I../Drivers/CMSIS/Device/ST/STM32F1xx/Include -I../Drivers/CMSIS/Include -O0 -ffunction-sections -fdata-sections -Wall -fstack-usage -MMD -MP -MF"Core/Src/input_reading.d" -MT"Core/Src/input_reading.o" --specs=nano.specs -mfloat-abi=soft -mthumb -o "Core/Src/input_reading.o"
arm-none-eabi-gcc "../Core/Src/main.c" -mcpu=cortex-m3 -std=gnu11 -g3 -DDEBUG -DUSE_HAL_DRIVER -DSTM32F103x6 -c -I../Core/Inc -I../Drivers/STM32F1xx_HAL_Driver/Inc -I../Drivers/STM32F1xx_HAL_Driver/Inc/Legacy -I../Drivers/CMSIS/Device/ST/STM32F1xx/Include -I../Drivers/CMSIS/Include -O0 -ffunction-sections -fdata-sections -Wall -fstack-usage -MMD -MP -MF"Core/Src/main.d" -MT"Core/Src/main.o" --specs=nano.specs -mfloat-abi=soft -mthumb -o "Core/Src/main.o"
arm-none-eabi-gcc "../Core/Src/stm32f1xx_hal_msp.c" -mcpu=cortex-m3 -std=gnu11 -g3 -DDEBUG -DUSE_HAL_DRIVER -DSTM32F103x6 -c -I../Core/Inc -I../Drivers/STM32F1xx_HAL_Driver/Inc -I../Drivers/STM32F1xx_HAL_Driver/Inc/Legacy -I../Drivers/CMSIS/Device/ST/STM32F1xx/Include -I../Drivers/CMSIS/Include -O0 -ffunction-sections -fdata-sections -Wall -fstack-usage -MMD -MP -MF"Core/Src/stm32f1xx_hal_msp.d" -MT"Core/Src/stm32f1xx_hal_msp.o" --specs=nano.specs -mfloat-abi=soft -mthumb -o "Core/Src/stm32f1xx_hal_msp.o"
arm-none-eabi-gcc "../Core/Src/stm32f1xx_it.c" -mcpu=cortex-m3 -std=gnu11 -g3 -DDEBUG -DUSE_HAL_DRIVER -DSTM32F103x6 -c -I../Core/Inc -I../Drivers/STM32F1xx_HAL_Driver/Inc -I../Drivers/STM32F1xx_HAL_Driver/Inc/Legacy -I../Drivers/CMSIS/Device/ST/STM32F1xx/Include -I../Drivers/CMSIS/Include -O0 -ffunction-sections -fdata-sections -Wall -fstack-usage -MMD -MP -MF"Core/Src/stm32f1xx_it.d" -MT"Core/Src/stm32f1xx_it.o" --specs=nano.specs -mfloat-abi=soft -mthumb -o "Core/Src/stm32f1xx_it.o"
arm-none-eabi-gcc "../Core/Src/system_stm32f1xx.c" -mcpu=cortex-m3 -std=gnu11 -g3 -DDEBUG -DUSE_HAL_DRIVER -DSTM32F103x6 -c -I../Core/Inc -I../Drivers/STM32F1xx_HAL_Driver/Inc -I../Drivers/STM32F1xx_HAL_Driver/Inc/Legacy -I../Drivers/CMSIS/Device/ST/STM32F1xx/Include -I../Drivers/CMSIS/Include -O0 -ffunction-sections -fdata-sections -Wall -fstack-usage -MMD -MP -MF"Core/Src/system_stm32f1xx.d" -MT"Core/Src/system_stm32f1xx.o" --specs=nano.specs -mfloat-abi=soft -mthumb -o "Core/Src/system_stm32f1xx.o"
../Core/Src/main.c: In function 'main':
../Core/Src/main.c:95:3: warning: implicit declaration of function 'setTimer0' [-Wimplicit-function-declaration]
   95 |   setTimer0(1000);
      |   ^~~~~~~~~
../Core/Src/main.c:96:3: warning: implicit declaration of function 'display7SEG' [-Wimplicit-function-declaration]
   96 |   display7SEG(8);
      |   ^~~~~~~~~~~
../Core/Src/main.c: In function 'HAL_TIM_PeriodElapsedCallback':
../Core/Src/main.c:232:2: warning: implicit declaration of function 'timer_run' [-Wimplicit-function-declaration]
  232 |  timer_run();
      |  ^~~~~~~~~
../Core/Src/main.c:233:2: warning: implicit declaration of function 'button_reading' [-Wimplicit-function-declaration]
  233 |  button_reading();
      |  ^~~~~~~~~~~~~~
arm-none-eabi-gcc -o "MidTerm.elf" @"objects.list"   -mcpu=cortex-m3 -T"E:\School\221\Microprocessor and microcontroller\Mid Term\STM32\MidTerm\STM32F103C6UX_FLASH.ld" --specs=nosys.specs -Wl,-Map="MidTerm.map" -Wl,--gc-sections -static --specs=nano.specs -mfloat-abi=soft -mthumb -Wl,--start-group -lc -lm -Wl,--end-group
c:\st\stm32cubeide_1.7.0\stm32cubeide\plugins\com.st.stm32cube.ide.mcu.externaltools.gnu-tools-for-stm32.9-2020-q2-update.win32_2.0.0.202105311346\tools\arm-none-eabi\bin\ld.exe: ./Core/Src/main.o: in function `main':
E:/School/221/Microprocessor and microcontroller/Mid Term/STM32/MidTerm/Debug/../Core/Src/main.c:95: undefined reference to `setTimer0'
c:\st\stm32cubeide_1.7.0\stm32cubeide\plugins\com.st.stm32cube.ide.mcu.externaltools.gnu-tools-for-stm32.9-2020-q2-update.win32_2.0.0.202105311346\tools\arm-none-eabi\bin\ld.exe: E:/School/221/Microprocessor and microcontroller/Mid Term/STM32/MidTerm/Debug/../Core/Src/main.c:96: undefined reference to `display7SEG'
c:\st\stm32cubeide_1.7.0\stm32cubeide\plugins\com.st.stm32cube.ide.mcu.externaltools.gnu-tools-for-stm32.9-2020-q2-update.win32_2.0.0.202105311346\tools\arm-none-eabi\bin\ld.exe: ./Core/Src/main.o: in function `HAL_TIM_PeriodElapsedCallback':
E:/School/221/Microprocessor and microcontroller/Mid Term/STM32/MidTerm/Debug/../Core/Src/main.c:232: undefined reference to `timer_run'
collect2.exe: error: ld returned 1 exit status
make: *** [makefile:68: MidTerm.elf] Error 1
"make -j12 all" terminated with exit code 2. Build might be incomplete.
12:24:13 **** Build of configuration Debug for project MidTerm ****
make -j12 all 
arm-none-eabi-gcc "../Drivers/STM32F1xx_HAL_Driver/Src/stm32f1xx_hal.c" -mcpu=cortex-m3 -std=gnu11 -g3 -DDEBUG -DUSE_HAL_DRIVER -DSTM32F103x6 -c -I../Core/Inc -I../Drivers/STM32F1xx_HAL_Driver/Inc -I../Drivers/STM32F1xx_HAL_Driver/Inc/Legacy -I../Drivers/CMSIS/Device/ST/STM32F1xx/Include -I../Drivers/CMSIS/Include -O0 -ffunction-sections -fdata-sections -Wall -fstack-usage -MMD -MP -MF"Drivers/STM32F1xx_HAL_Driver/Src/stm32f1xx_hal.d" -MT"Drivers/STM32F1xx_HAL_Driver/Src/stm32f1xx_hal.o" --specs=nano.specs -mfloat-abi=soft -mthumb -o "Drivers/STM32F1xx_HAL_Driver/Src/stm32f1xx_hal.o"
arm-none-eabi-gcc "../Drivers/STM32F1xx_HAL_Driver/Src/stm32f1xx_hal_cortex.c" -mcpu=cortex-m3 -std=gnu11 -g3 -DDEBUG -DUSE_HAL_DRIVER -DSTM32F103x6 -c -I../Core/Inc -I../Drivers/STM32F1xx_HAL_Driver/Inc -I../Drivers/STM32F1xx_HAL_Driver/Inc/Legacy -I../Drivers/CMSIS/Device/ST/STM32F1xx/Include -I../Drivers/CMSIS/Include -O0 -ffunction-sections -fdata-sections -Wall -fstack-usage -MMD -MP -MF"Drivers/STM32F1xx_HAL_Driver/Src/stm32f1xx_hal_cortex.d" -MT"Drivers/STM32F1xx_HAL_Driver/Src/stm32f1xx_hal_cortex.o" --specs=nano.specs -mfloat-abi=soft -mthumb -o "Drivers/STM32F1xx_HAL_Driver/Src/stm32f1xx_hal_cortex.o"
arm-none-eabi-gcc "../Drivers/STM32F1xx_HAL_Driver/Src/stm32f1xx_hal_dma.c" -mcpu=cortex-m3 -std=gnu11 -g3 -DDEBUG -DUSE_HAL_DRIVER -DSTM32F103x6 -c -I../Core/Inc -I../Drivers/STM32F1xx_HAL_Driver/Inc -I../Drivers/STM32F1xx_HAL_Driver/Inc/Legacy -I../Drivers/CMSIS/Device/ST/STM32F1xx/Include -I../Drivers/CMSIS/Include -O0 -ffunction-sections -fdata-sections -Wall -fstack-usage -MMD -MP -MF"Drivers/STM32F1xx_HAL_Driver/Src/stm32f1xx_hal_dma.d" -MT"Drivers/STM32F1xx_HAL_Driver/Src/stm32f1xx_hal_dma.o" --specs=nano.specs -mfloat-abi=soft -mthumb -o "Drivers/STM32F1xx_HAL_Driver/Src/stm32f1xx_hal_dma.o"
arm-none-eabi-gcc "../Drivers/STM32F1xx_HAL_Driver/Src/stm32f1xx_hal_exti.c" -mcpu=cortex-m3 -std=gnu11 -g3 -DDEBUG -DUSE_HAL_DRIVER -DSTM32F103x6 -c -I../Core/Inc -I../Drivers/STM32F1xx_HAL_Driver/Inc -I../Drivers/STM32F1xx_HAL_Driver/Inc/Legacy -I../Drivers/CMSIS/Device/ST/STM32F1xx/Include -I../Drivers/CMSIS/Include -O0 -ffunction-sections -fdata-sections -Wall -fstack-usage -MMD -MP -MF"Drivers/STM32F1xx_HAL_Driver/Src/stm32f1xx_hal_exti.d" -MT"Drivers/STM32F1xx_HAL_Driver/Src/stm32f1xx_hal_exti.o" --specs=nano.specs -mfloat-abi=soft -mthumb -o "Drivers/STM32F1xx_HAL_Driver/Src/stm32f1xx_hal_exti.o"
arm-none-eabi-gcc "../Drivers/STM32F1xx_HAL_Driver/Src/stm32f1xx_hal_flash.c" -mcpu=cortex-m3 -std=gnu11 -g3 -DDEBUG -DUSE_HAL_DRIVER -DSTM32F103x6 -c -I../Core/Inc -I../Drivers/STM32F1xx_HAL_Driver/Inc -I../Drivers/STM32F1xx_HAL_Driver/Inc/Legacy -I../Drivers/CMSIS/Device/ST/STM32F1xx/Include -I../Drivers/CMSIS/Include -O0 -ffunction-sections -fdata-sections -Wall -fstack-usage -MMD -MP -MF"Drivers/STM32F1xx_HAL_Driver/Src/stm32f1xx_hal_flash.d" -MT"Drivers/STM32F1xx_HAL_Driver/Src/stm32f1xx_hal_flash.o" --specs=nano.specs -mfloat-abi=soft -mthumb -o "Drivers/STM32F1xx_HAL_Driver/Src/stm32f1xx_hal_flash.o"
arm-none-eabi-gcc "../Drivers/STM32F1xx_HAL_Driver/Src/stm32f1xx_hal_flash_ex.c" -mcpu=cortex-m3 -std=gnu11 -g3 -DDEBUG -DUSE_HAL_DRIVER -DSTM32F103x6 -c -I../Core/Inc -I../Drivers/STM32F1xx_HAL_Driver/Inc -I../Drivers/STM32F1xx_HAL_Driver/Inc/Legacy -I../Drivers/CMSIS/Device/ST/STM32F1xx/Include -I../Drivers/CMSIS/Include -O0 -ffunction-sections -fdata-sections -Wall -fstack-usage -MMD -MP -MF"Drivers/STM32F1xx_HAL_Driver/Src/stm32f1xx_hal_flash_ex.d" -MT"Drivers/STM32F1xx_HAL_Driver/Src/stm32f1xx_hal_flash_ex.o" --specs=nano.specs -mfloat-abi=soft -mthumb -o "Drivers/STM32F1xx_HAL_Driver/Src/stm32f1xx_hal_flash_ex.o"
arm-none-eabi-gcc "../Drivers/STM32F1xx_HAL_Driver/Src/stm32f1xx_hal_gpio.c" -mcpu=cortex-m3 -std=gnu11 -g3 -DDEBUG -DUSE_HAL_DRIVER -DSTM32F103x6 -c -I../Core/Inc -I../Drivers/STM32F1xx_HAL_Driver/Inc -I../Drivers/STM32F1xx_HAL_Driver/Inc/Legacy -I../Drivers/CMSIS/Device/ST/STM32F1xx/Include -I../Drivers/CMSIS/Include -O0 -ffunction-sections -fdata-sections -Wall -fstack-usage -MMD -MP -MF"Drivers/STM32F1xx_HAL_Driver/Src/stm32f1xx_hal_gpio.d" -MT"Drivers/STM32F1xx_HAL_Driver/Src/stm32f1xx_hal_gpio.o" --specs=nano.specs -mfloat-abi=soft -mthumb -o "Drivers/STM32F1xx_HAL_Driver/Src/stm32f1xx_hal_gpio.o"
arm-none-eabi-gcc "../Drivers/STM32F1xx_HAL_Driver/Src/stm32f1xx_hal_gpio_ex.c" -mcpu=cortex-m3 -std=gnu11 -g3 -DDEBUG -DUSE_HAL_DRIVER -DSTM32F103x6 -c -I../Core/Inc -I../Drivers/STM32F1xx_HAL_Driver/Inc -I../Drivers/STM32F1xx_HAL_Driver/Inc/Legacy -I../Drivers/CMSIS/Device/ST/STM32F1xx/Include -I../Drivers/CMSIS/Include -O0 -ffunction-sections -fdata-sections -Wall -fstack-usage -MMD -MP -MF"Drivers/STM32F1xx_HAL_Driver/Src/stm32f1xx_hal_gpio_ex.d" -MT"Drivers/STM32F1xx_HAL_Driver/Src/stm32f1xx_hal_gpio_ex.o" --specs=nano.specs -mfloat-abi=soft -mthumb -o "Drivers/STM32F1xx_HAL_Driver/Src/stm32f1xx_hal_gpio_ex.o"
arm-none-eabi-gcc "../Drivers/STM32F1xx_HAL_Driver/Src/stm32f1xx_hal_pwr.c" -mcpu=cortex-m3 -std=gnu11 -g3 -DDEBUG -DUSE_HAL_DRIVER -DSTM32F103x6 -c -I../Core/Inc -I../Drivers/STM32F1xx_HAL_Driver/Inc -I../Drivers/STM32F1xx_HAL_Driver/Inc/Legacy -I../Drivers/CMSIS/Device/ST/STM32F1xx/Include -I../Drivers/CMSIS/Include -O0 -ffunction-sections -fdata-sections -Wall -fstack-usage -MMD -MP -MF"Drivers/STM32F1xx_HAL_Driver/Src/stm32f1xx_hal_pwr.d" -MT"Drivers/STM32F1xx_HAL_Driver/Src/stm32f1xx_hal_pwr.o" --specs=nano.specs -mfloat-abi=soft -mthumb -o "Drivers/STM32F1xx_HAL_Driver/Src/stm32f1xx_hal_pwr.o"
arm-none-eabi-gcc "../Drivers/STM32F1xx_HAL_Driver/Src/stm32f1xx_hal_rcc.c" -mcpu=cortex-m3 -std=gnu11 -g3 -DDEBUG -DUSE_HAL_DRIVER -DSTM32F103x6 -c -I../Core/Inc -I../Drivers/STM32F1xx_HAL_Driver/Inc -I../Drivers/STM32F1xx_HAL_Driver/Inc/Legacy -I../Drivers/CMSIS/Device/ST/STM32F1xx/Include -I../Drivers/CMSIS/Include -O0 -ffunction-sections -fdata-sections -Wall -fstack-usage -MMD -MP -MF"Drivers/STM32F1xx_HAL_Driver/Src/stm32f1xx_hal_rcc.d" -MT"Drivers/STM32F1xx_HAL_Driver/Src/stm32f1xx_hal_rcc.o" --specs=nano.specs -mfloat-abi=soft -mthumb -o "Drivers/STM32F1xx_HAL_Driver/Src/stm32f1xx_hal_rcc.o"
arm-none-eabi-gcc "../Drivers/STM32F1xx_HAL_Driver/Src/stm32f1xx_hal_rcc_ex.c" -mcpu=cortex-m3 -std=gnu11 -g3 -DDEBUG -DUSE_HAL_DRIVER -DSTM32F103x6 -c -I../Core/Inc -I../Drivers/STM32F1xx_HAL_Driver/Inc -I../Drivers/STM32F1xx_HAL_Driver/Inc/Legacy -I../Drivers/CMSIS/Device/ST/STM32F1xx/Include -I../Drivers/CMSIS/Include -O0 -ffunction-sections -fdata-sections -Wall -fstack-usage -MMD -MP -MF"Drivers/STM32F1xx_HAL_Driver/Src/stm32f1xx_hal_rcc_ex.d" -MT"Drivers/STM32F1xx_HAL_Driver/Src/stm32f1xx_hal_rcc_ex.o" --specs=nano.specs -mfloat-abi=soft -mthumb -o "Drivers/STM32F1xx_HAL_Driver/Src/stm32f1xx_hal_rcc_ex.o"
arm-none-eabi-gcc "../Drivers/STM32F1xx_HAL_Driver/Src/stm32f1xx_hal_tim.c" -mcpu=cortex-m3 -std=gnu11 -g3 -DDEBUG -DUSE_HAL_DRIVER -DSTM32F103x6 -c -I../Core/Inc -I../Drivers/STM32F1xx_HAL_Driver/Inc -I../Drivers/STM32F1xx_HAL_Driver/Inc/Legacy -I../Drivers/CMSIS/Device/ST/STM32F1xx/Include -I../Drivers/CMSIS/Include -O0 -ffunction-sections -fdata-sections -Wall -fstack-usage -MMD -MP -MF"Drivers/STM32F1xx_HAL_Driver/Src/stm32f1xx_hal_tim.d" -MT"Drivers/STM32F1xx_HAL_Driver/Src/stm32f1xx_hal_tim.o" --specs=nano.specs -mfloat-abi=soft -mthumb -o "Drivers/STM32F1xx_HAL_Driver/Src/stm32f1xx_hal_tim.o"
arm-none-eabi-gcc "../Drivers/STM32F1xx_HAL_Driver/Src/stm32f1xx_hal_tim_ex.c" -mcpu=cortex-m3 -std=gnu11 -g3 -DDEBUG -DUSE_HAL_DRIVER -DSTM32F103x6 -c -I../Core/Inc -I../Drivers/STM32F1xx_HAL_Driver/Inc -I../Drivers/STM32F1xx_HAL_Driver/Inc/Legacy -I../Drivers/CMSIS/Device/ST/STM32F1xx/Include -I../Drivers/CMSIS/Include -O0 -ffunction-sections -fdata-sections -Wall -fstack-usage -MMD -MP -MF"Drivers/STM32F1xx_HAL_Driver/Src/stm32f1xx_hal_tim_ex.d" -MT"Drivers/STM32F1xx_HAL_Driver/Src/stm32f1xx_hal_tim_ex.o" --specs=nano.specs -mfloat-abi=soft -mthumb -o "Drivers/STM32F1xx_HAL_Driver/Src/stm32f1xx_hal_tim_ex.o"
arm-none-eabi-gcc "../Core/Src/input_reading.c" -mcpu=cortex-m3 -std=gnu11 -g3 -DDEBUG -DUSE_HAL_DRIVER -DSTM32F103x6 -c -I../Core/Inc -I../Drivers/STM32F1xx_HAL_Driver/Inc -I../Drivers/STM32F1xx_HAL_Driver/Inc/Legacy -I../Drivers/CMSIS/Device/ST/STM32F1xx/Include -I../Drivers/CMSIS/Include -O0 -ffunction-sections -fdata-sections -Wall -fstack-usage -MMD -MP -MF"Core/Src/input_reading.d" -MT"Core/Src/input_reading.o" --specs=nano.specs -mfloat-abi=soft -mthumb -o "Core/Src/input_reading.o"
arm-none-eabi-gcc "../Core/Src/main.c" -mcpu=cortex-m3 -std=gnu11 -g3 -DDEBUG -DUSE_HAL_DRIVER -DSTM32F103x6 -c -I../Core/Inc -I../Drivers/STM32F1xx_HAL_Driver/Inc -I../Drivers/STM32F1xx_HAL_Driver/Inc/Legacy -I../Drivers/CMSIS/Device/ST/STM32F1xx/Include -I../Drivers/CMSIS/Include -O0 -ffunction-sections -fdata-sections -Wall -fstack-usage -MMD -MP -MF"Core/Src/main.d" -MT"Core/Src/main.o" --specs=nano.specs -mfloat-abi=soft -mthumb -o "Core/Src/main.o"
arm-none-eabi-gcc "../Core/Src/stm32f1xx_hal_msp.c" -mcpu=cortex-m3 -std=gnu11 -g3 -DDEBUG -DUSE_HAL_DRIVER -DSTM32F103x6 -c -I../Core/Inc -I../Drivers/STM32F1xx_HAL_Driver/Inc -I../Drivers/STM32F1xx_HAL_Driver/Inc/Legacy -I../Drivers/CMSIS/Device/ST/STM32F1xx/Include -I../Drivers/CMSIS/Include -O0 -ffunction-sections -fdata-sections -Wall -fstack-usage -MMD -MP -MF"Core/Src/stm32f1xx_hal_msp.d" -MT"Core/Src/stm32f1xx_hal_msp.o" --specs=nano.specs -mfloat-abi=soft -mthumb -o "Core/Src/stm32f1xx_hal_msp.o"
arm-none-eabi-gcc "../Core/Src/stm32f1xx_it.c" -mcpu=cortex-m3 -std=gnu11 -g3 -DDEBUG -DUSE_HAL_DRIVER -DSTM32F103x6 -c -I../Core/Inc -I../Drivers/STM32F1xx_HAL_Driver/Inc -I../Drivers/STM32F1xx_HAL_Driver/Inc/Legacy -I../Drivers/CMSIS/Device/ST/STM32F1xx/Include -I../Drivers/CMSIS/Include -O0 -ffunction-sections -fdata-sections -Wall -fstack-usage -MMD -MP -MF"Core/Src/stm32f1xx_it.d" -MT"Core/Src/stm32f1xx_it.o" --specs=nano.specs -mfloat-abi=soft -mthumb -o "Core/Src/stm32f1xx_it.o"
arm-none-eabi-gcc "../Core/Src/system_stm32f1xx.c" -mcpu=cortex-m3 -std=gnu11 -g3 -DDEBUG -DUSE_HAL_DRIVER -DSTM32F103x6 -c -I../Core/Inc -I../Drivers/STM32F1xx_HAL_Driver/Inc -I../Drivers/STM32F1xx_HAL_Driver/Inc/Legacy -I../Drivers/CMSIS/Device/ST/STM32F1xx/Include -I../Drivers/CMSIS/Include -O0 -ffunction-sections -fdata-sections -Wall -fstack-usage -MMD -MP -MF"Core/Src/system_stm32f1xx.d" -MT"Core/Src/system_stm32f1xx.o" --specs=nano.specs -mfloat-abi=soft -mthumb -o "Core/Src/system_stm32f1xx.o"
arm-none-eabi-gcc -o "MidTerm.elf" @"objects.list"   -mcpu=cortex-m3 -T"E:\School\221\Microprocessor and microcontroller\Mid Term\STM32\MidTerm\STM32F103C6UX_FLASH.ld" --specs=nosys.specs -Wl,-Map="MidTerm.map" -Wl,--gc-sections -static --specs=nano.specs -mfloat-abi=soft -mthumb -Wl,--start-group -lc -lm -Wl,--end-group
Finished building target: MidTerm.elf
 
arm-none-eabi-size   MidTerm.elf 
arm-none-eabi-objdump -h -S  MidTerm.elf  > "MidTerm.list"
arm-none-eabi-objcopy  -O ihex  MidTerm.elf  "MidTerm.hex"
arm-none-eabi-objcopy  -O binary  MidTerm.elf  "MidTerm.bin"
   text	   data	    bss	    dec	    hex	filename
   8532	     28	   1692	  10252	   280c	MidTerm.elf
Finished building: default.size.stdout
 
Finished building: MidTerm.hex
Finished building: MidTerm.list
Finished building: MidTerm.bin
 
 
 
12:26:44 **** Incremental Build of configuration Debug for project MidTerm ****
make -j12 all 
arm-none-eabi-gcc "../Core/Src/main.c" -mcpu=cortex-m3 -std=gnu11 -g3 -DDEBUG -DUSE_HAL_DRIVER -DSTM32F103x6 -c -I../Core/Inc -I../Drivers/STM32F1xx_HAL_Driver/Inc -I../Drivers/STM32F1xx_HAL_Driver/Inc/Legacy -I../Drivers/CMSIS/Device/ST/STM32F1xx/Include -I../Drivers/CMSIS/Include -O0 -ffunction-sections -fdata-sections -Wall -fstack-usage -MMD -MP -MF"Core/Src/main.d" -MT"Core/Src/main.o" --specs=nano.specs -mfloat-abi=soft -mthumb -o "Core/Src/main.o"
arm-none-eabi-gcc -o "MidTerm.elf" @"objects.list"   -mcpu=cortex-m3 -T"E:\School\221\Microprocessor and microcontroller\Mid Term\STM32\MidTerm\STM32F103C6UX_FLASH.ld" --specs=nosys.specs -Wl,-Map="MidTerm.map" -Wl,--gc-sections -static --specs=nano.specs -mfloat-abi=soft -mthumb -Wl,--start-group -lc -lm -Wl,--end-group
Finished building target: MidTerm.elf
 
arm-none-eabi-size   MidTerm.elf 
arm-none-eabi-objdump -h -S  MidTerm.elf  > "MidTerm.list"
arm-none-eabi-objcopy  -O ihex  MidTerm.elf  "MidTerm.hex"
arm-none-eabi-objcopy  -O binary  MidTerm.elf  "MidTerm.bin"
   text	   data	    bss	    dec	    hex	filename
   8320	     24	   1696	  10040	   2738	MidTerm.elf
Finished building: default.size.stdout
 
Finished building: MidTerm.hex
Finished building: MidTerm.list
Finished building: MidTerm.bin
 
 
 
12:27:14 **** Incremental Build of configuration Debug for project MidTerm ****
make -j12 all 
arm-none-eabi-gcc "../Core/Src/main.c" -mcpu=cortex-m3 -std=gnu11 -g3 -DDEBUG -DUSE_HAL_DRIVER -DSTM32F103x6 -c -I../Core/Inc -I../Drivers/STM32F1xx_HAL_Driver/Inc -I../Drivers/STM32F1xx_HAL_Driver/Inc/Legacy -I../Drivers/CMSIS/Device/ST/STM32F1xx/Include -I../Drivers/CMSIS/Include -O0 -ffunction-sections -fdata-sections -Wall -fstack-usage -MMD -MP -MF"Core/Src/main.d" -MT"Core/Src/main.o" --specs=nano.specs -mfloat-abi=soft -mthumb -o "Core/Src/main.o"
arm-none-eabi-gcc -o "MidTerm.elf" @"objects.list"   -mcpu=cortex-m3 -T"E:\School\221\Microprocessor and microcontroller\Mid Term\STM32\MidTerm\STM32F103C6UX_FLASH.ld" --specs=nosys.specs -Wl,-Map="MidTerm.map" -Wl,--gc-sections -static --specs=nano.specs -mfloat-abi=soft -mthumb -Wl,--start-group -lc -lm -Wl,--end-group
Finished building target: MidTerm.elf
 
arm-none-eabi-size   MidTerm.elf 
arm-none-eabi-objdump -h -S  MidTerm.elf  > "MidTerm.list"
arm-none-eabi-objcopy  -O ihex  MidTerm.elf  "MidTerm.hex"
arm-none-eabi-objcopy  -O binary  MidTerm.elf  "MidTerm.bin"
   text	   data	    bss	    dec	    hex	filename
   8332	     24	   1696	  10052	   2744	MidTerm.elf
Finished building: default.size.stdout
 
Finished building: MidTerm.list
Finished building: MidTerm.hex
[...]
arm-none-eabi-gcc -o "MidTerm.elf" @"objects.list"   -mcpu=cortex-m3 -T"E:\School\221\Microprocessor and microcontroller\Mid Term\STM32\MidTerm\STM32F103C6UX_FLASH.ld" --specs=nosys.specs -Wl,-Map="MidTerm.map" -Wl,--gc-sections -static --specs=nano.specs -mfloat-abi=soft -mthumb -Wl,--start-group -lc -lm -Wl,--end-group
Finished building target: MidTerm.elf
 
arm-none-eabi-size   MidTerm.elf 
arm-none-eabi-objdump -h -S  MidTerm.elf  > "MidTerm.list"
arm-none-eabi-objcopy  -O ihex  MidTerm.elf  "MidTerm.hex"
arm-none-eabi-objcopy  -O binary  MidTerm.elf  "MidTerm.bin"
   text	   data	    bss	    dec	    hex	filename
   8320	     24	   1696	  10040	   2738	MidTerm.elf
Finished building: default.size.stdout
 
Finished building: MidTerm.hex
Finished building: MidTerm.list
Finished building: MidTerm.bin
 
 
 
12:38:41 **** Incremental Build of configuration Debug for project MidTerm ****
make -j12 all 
arm-none-eabi-gcc "../Core/Src/main.c" -mcpu=cortex-m3 -std=gnu11 -g3 -DDEBUG -DUSE_HAL_DRIVER -DSTM32F103x6 -c -I../Core/Inc -I../Drivers/STM32F1xx_HAL_Driver/Inc -I../Drivers/STM32F1xx_HAL_Driver/Inc/Legacy -I../Drivers/CMSIS/Device/ST/STM32F1xx/Include -I../Drivers/CMSIS/Include -O0 -ffunction-sections -fdata-sections -Wall -fstack-usage -MMD -MP -MF"Core/Src/main.d" -MT"Core/Src/main.o" --specs=nano.specs -mfloat-abi=soft -mthumb -o "Core/Src/main.o"
arm-none-eabi-gcc -o "MidTerm.elf" @"objects.list"   -mcpu=cortex-m3 -T"E:\School\221\Microprocessor and microcontroller\Mid Term\STM32\MidTerm\STM32F103C6UX_FLASH.ld" --specs=nosys.specs -Wl,-Map="MidTerm.map" -Wl,--gc-sections -static --specs=nano.specs -mfloat-abi=soft -mthumb -Wl,--start-group -lc -lm -Wl,--end-group
Finished building target: MidTerm.elf
 
arm-none-eabi-size   MidTerm.elf 
arm-none-eabi-objdump -h -S  MidTerm.elf  > "MidTerm.list"
arm-none-eabi-objcopy  -O ihex  MidTerm.elf  "MidTerm.hex"
arm-none-eabi-objcopy  -O binary  MidTerm.elf  "MidTerm.bin"
   text	   data	    bss	    dec	    hex	filename
   8320	     24	   1696	  10040	   2738	MidTerm.elf
Finished building: default.size.stdout
 
Finished building: MidTerm.list
Finished building: MidTerm.hex
Finished building: MidTerm.bin
 
 
 
12:42:42 **** Incremental Build of configuration Debug for project MidTerm ****
make -j12 all 
arm-none-eabi-gcc "../Core/Src/main.c" -mcpu=cortex-m3 -std=gnu11 -g3 -DDEBUG -DUSE_HAL_DRIVER -DSTM32F103x6 -c -I../Core/Inc -I../Drivers/STM32F1xx_HAL_Driver/Inc -I../Drivers/STM32F1xx_HAL_Driver/Inc/Legacy -I../Drivers/CMSIS/Device/ST/STM32F1xx/Include -I../Drivers/CMSIS/Include -O0 -ffunction-sections -fdata-sections -Wall -fstack-usage -MMD -MP -MF"Core/Src/main.d" -MT"Core/Src/main.o" --specs=nano.specs -mfloat-abi=soft -mthumb -o "Core/Src/main.o"
arm-none-eabi-gcc -o "MidTerm.elf" @"objects.list"   -mcpu=cortex-m3 -T"E:\School\221\Microprocessor and microcontroller\Mid Term\STM32\MidTerm\STM32F103C6UX_FLASH.ld" --specs=nosys.specs -Wl,-Map="MidTerm.map" -Wl,--gc-sections -static --specs=nano.specs -mfloat-abi=soft -mthumb -Wl,--start-group -lc -lm -Wl,--end-group
Finished building target: MidTerm.elf
 
arm-none-eabi-size   MidTerm.elf 
arm-none-eabi-objdump -h -S  MidTerm.elf  > "MidTerm.list"
arm-none-eabi-objcopy  -O ihex  MidTerm.elf  "MidTerm.hex"
arm-none-eabi-objcopy  -O binary  MidTerm.elf  "MidTerm.bin"
   text	   data	    bss	    dec	    hex	filename
   8292	     24	   1696	  10012	   271c	MidTerm.elf
Finished building: default.size.stdout
 
Finished building: MidTerm.hex
Finished building: MidTerm.list
Finished building: MidTerm.bin
 
 
 
12:55:28 **** Incremental Build of configuration Debug for project MidTerm ****
make -j12 all 
arm-none-eabi-gcc "../Core/Src/main.c" -mcpu=cortex-m3 -std=gnu11 -g3 -DDEBUG -DUSE_HAL_DRIVER -DSTM32F103x6 -c -I../Core/Inc -I../Drivers/STM32F1xx_HAL_Driver/Inc -I../Drivers/STM32F1xx_HAL_Driver/Inc/Legacy -I../Drivers/CMSIS/Device/ST/STM32F1xx/Include -I../Drivers/CMSIS/Include -O0 -ffunction-sections -fdata-sections -Wall -fstack-usage -MMD -MP -MF"Core/Src/main.d" -MT"Core/Src/main.o" --specs=nano.specs -mfloat-abi=soft -mthumb -o "Core/Src/main.o"
arm-none-eabi-gcc -o "MidTerm.elf" @"objects.list"   -mcpu=cortex-m3 -T"E:\School\221\Microprocessor and microcontroller\Mid Term\STM32\MidTerm\STM32F103C6UX_FLASH.ld" --specs=nosys.specs -Wl,-Map="MidTerm.map" -Wl,--gc-sections -static --specs=nano.specs -mfloat-abi=soft -mthumb -Wl,--start-group -lc -lm -Wl,--end-group
Finished building target: MidTerm.elf
 
arm-none-eabi-size   MidTerm.elf 
arm-none-eabi-objdump -h -S  MidTerm.elf  > "MidTerm.list"
arm-none-eabi-objcopy  -O ihex  MidTerm.elf  "MidTerm.hex"
arm-none-eabi-objcopy  -O binary  MidTerm.elf  "MidTerm.bin"
   text	   data	    bss	    dec	    hex	filename
   8296	     24	   1696	  10016	   2720	MidTerm.elf
Finished building: default.size.stdout
 
Finished building: MidTerm.hex
Finished building: MidTerm.list
Finished building: MidTerm.bin
 
 
 
12:57:13 **** Incremental Build of configuration Debug for project MidTerm ****
make -j12 all 
arm-none-eabi-size   MidTerm.elf 
   text	   data	    bss	    dec	    hex	filename
   8296	     24	   1696	  10016	   2720	MidTerm.elf
Finished building: default.size.stdout
 
13:00:47 **** Incremental Build of configuration Debug for project MidTerm ****
make -j12 all 
arm-none-eabi-gcc "../Core/Src/main.c" -mcpu=cortex-m3 -std=gnu11 -g3 -DDEBUG -DUSE_HAL_DRIVER -DSTM32F103x6 -c -I../Core/Inc -I../Drivers/STM32F1xx_HAL_Driver/Inc -I../Drivers/STM32F1xx_HAL_Driver/Inc/Legacy -I../Drivers/CMSIS/Device/ST/STM32F1xx/Include -I../Drivers/CMSIS/Include -O0 -ffunction-sections -fdata-sections -Wall -fstack-usage -MMD -MP -MF"Core/Src/main.d" -MT"Core/Src/main.o" --specs=nano.specs -mfloat-abi=soft -mthumb -o "Core/Src/main.o"
arm-none-eabi-gcc -o "MidTerm.elf" @"objects.list"   -mcpu=cortex-m3 -T"E:\School\221\Microprocessor and microcontroller\Mid Term\STM32\MidTerm\STM32F103C6UX_FLASH.ld" --specs=nosys.specs -Wl,-Map="MidTerm.map" -Wl,--gc-sections -static --specs=nano.specs -mfloat-abi=soft -mthumb -Wl,--start-group -lc -lm -Wl,--end-group
Finished building target: MidTerm.elf
 
arm-none-eabi-size   MidTerm.elf 
arm-none-eabi-objdump -h -S  MidTerm.elf  > "MidTerm.list"
arm-none-eabi-objcopy  -O ihex  MidTerm.elf  "MidTerm.hex"
arm-none-eabi-objcopy  -O binary  MidTerm.elf  "MidTerm.bin"
   text	   data	    bss	    dec	    hex	filename
   8296	     24	   1696	  10016	   2720	MidTerm.elf
Finished building: default.size.stdout
 
Finished building: MidTerm.list
Finished building: MidTerm.hex
Finished building: MidTerm.bin
 
 
 
13:02:14 **** Incremental Build of configuration Debug for project MidTerm ****
make -j12 all 
arm-none-eabi-gcc "../Core/Src/main.c" -mcpu=cortex-m3 -std=gnu11 -g3 -DDEBUG -DUSE_HAL_DRIVER -DSTM32F103x6 -c -I../Core/Inc -I../Drivers/STM32F1xx_HAL_Driver/Inc -I../Drivers/STM32F1xx_HAL_Driver/Inc/Legacy -I../Drivers/CMSIS/Device/ST/STM32F1xx/Include -I../Drivers/CMSIS/Include -O0 -ffunction-sections -fdata-sections -Wall -fstack-usage -MMD -MP -MF"Core/Src/main.d" -MT"Core/Src/main.o" --specs=nano.specs -mfloat-abi=soft -mthumb -o "Core/Src/main.o"
arm-none-eabi-gcc -o "MidTerm.elf" @"objects.list"   -mcpu=cortex-m3 -T"E:\School\221\Microprocessor and microcontroller\Mid Term\STM32\MidTerm\STM32F103C6UX_FLASH.ld" --specs=nosys.specs -Wl,-Map="MidTerm.map" -Wl,--gc-sections -static --specs=nano.specs -mfloat-abi=soft -mthumb -Wl,--start-group -lc -lm -Wl,--end-group
Finished building target: MidTerm.elf
 
arm-none-eabi-size   MidTerm.elf 
arm-none-eabi-objdump -h -S  MidTerm.elf  > "MidTerm.list"
arm-none-eabi-objcopy  -O ihex  MidTerm.elf  "MidTerm.hex"
   text	   data	    bss	    dec	    hex	filename
   8240	     24	   1696	   9960	   26e8	MidTerm.elf
arm-none-eabi-objcopy  -O binary  MidTerm.elf  "MidTerm.bin"
Finished building: default.size.stdout
Finished building: MidTerm.hex
 
Finished building: MidTerm.list
Finished building: MidTerm.bin
 
 
 
13:03:21 **** Incremental Build of configuration Debug for project MidTerm ****
make -j12 all 
arm-none-eabi-gcc "../Core/Src/main.c" -mcpu=cortex-m3 -std=gnu11 -g3 -DDEBUG -DUSE_HAL_DRIVER -DSTM32F103x6 -c -I../Core/Inc -I../Drivers/STM32F1xx_HAL_Driver/Inc -I../Drivers/STM32F1xx_HAL_Driver/Inc/Legacy -I../Drivers/CMSIS/Device/ST/STM32F1xx/Include -I../Drivers/CMSIS/Include -O0 -ffunction-sections -fdata-sections -Wall -fstack-usage -MMD -MP -MF"Core/Src/main.d" -MT"Core/Src/main.o" --specs=nano.specs -mfloat-abi=soft -mthumb -o "Core/Src/main.o"
arm-none-eabi-gcc -o "MidTerm.elf" @"objects.list"   -mcpu=cortex-m3 -T"E:\School\221\Microprocessor and microcontroller\Mid Term\STM32\MidTerm\STM32F103C6UX_FLASH.ld" --specs=nosys.specs -Wl,-Map="MidTerm.map" -Wl,--gc-sections -static --specs=nano.specs -mfloat-abi=soft -mthumb -Wl,--start-group -lc -lm -Wl,--end-group
Finished building target: MidTerm.elf
 
arm-none-eabi-size   MidTerm.elf 
arm-none-eabi-objdump -h -S  MidTerm.elf  > "MidTerm.list"
arm-none-eabi-objcopy  -O ihex  MidTerm.elf  "MidTerm.hex"
   text	   data	    bss	    dec	    hex	filename
   8236	     24	   1696	   9956	   26e4	MidTerm.elf
arm-none-eabi-objcopy  -O binary  MidTerm.elf  "MidTerm.bin"
Finished building: default.size.stdout
 
Finished building: MidTerm.hex
Finished building: MidTerm.list
Finished building: MidTerm.bin
 
 
 
13:03:59 **** Incremental Build of configuration Debug for project MidTerm ****
make -j12 all 
arm-none-eabi-gcc "../Core/Src/main.c" -mcpu=cortex-m3 -std=gnu11 -g3 -DDEBUG -DUSE_HAL_DRIVER -DSTM32F103x6 -c -I../Core/Inc -I../Drivers/STM32F1xx_HAL_Driver/Inc -I../Drivers/STM32F1xx_HAL_Driver/Inc/Legacy -I../Drivers/CMSIS/Device/ST/STM32F1xx/Include -I../Drivers/CMSIS/Include -O0 -ffunction-sections -fdata-sections -Wall -fstack-usage -MMD -MP -MF"Core/Src/main.d" -MT"Core/Src/main.o" --specs=nano.specs -mfloat-abi=soft -mthumb -o "Core/Src/main.o"
arm-none-eabi-gcc -o "MidTerm.elf" @"objects.list"   -mcpu=cortex-m3 -T"E:\School\221\Microprocessor and microcontroller\Mid Term\STM32\MidTerm\STM32F103C6UX_FLASH.ld" --specs=nosys.specs -Wl,-Map="MidTerm.map" -Wl,--gc-sections -static --specs=nano.specs -mfloat-abi=soft -mthumb -Wl,--start-group -lc -lm -Wl,--end-group
Finished building target: MidTerm.elf
 
arm-none-eabi-size   MidTerm.elf 
arm-none-eabi-objdump -h -S  MidTerm.elf  > "MidTerm.list"
arm-none-eabi-objcopy  -O ihex  MidTerm.elf  "MidTerm.hex"
arm-none-eabi-objcopy  -O binary  MidTerm.elf  "MidTerm.bin"
   text	   data	    bss	    dec	    hex	filename
   8280	     24	   1696	  10000	   2710	MidTerm.elf
Finished building: default.size.stdout
 
Finished building: MidTerm.list
Finished building: MidTerm.hex
Finished building: MidTerm.bin
 
 
 
13:04:59 **** Incremental Build of configuration Debug for project MidTerm ****
make -j12 all 
arm-none-eabi-gcc "../Core/Src/main.c" -mcpu=cortex-m3 -std=gnu11 -g3 -DDEBUG -DUSE_HAL_DRIVER -DSTM32F103x6 -c -I../Core/Inc -I../Drivers/STM32F1xx_HAL_Driver/Inc -I../Drivers/STM32F1xx_HAL_Driver/Inc/Legacy -I../Drivers/CMSIS/Device/ST/STM32F1xx/Include -I../Drivers/CMSIS/Include -O0 -ffunction-sections -fdata-sections -Wall -fstack-usage -MMD -MP -MF"Core/Src/main.d" -MT"Core/Src/main.o" --specs=nano.specs -mfloat-abi=soft -mthumb -o "Core/Src/main.o"
arm-none-eabi-gcc -o "MidTerm.elf" @"objects.list"   -mcpu=cortex-m3 -T"E:\School\221\Microprocessor and microcontroller\Mid Term\STM32\MidTerm\STM32F103C6UX_FLASH.ld" --specs=nosys.specs -Wl,-Map="MidTerm.map" -Wl,--gc-sections -static --specs=nano.specs -mfloat-abi=soft -mthumb -Wl,--start-group -lc -lm -Wl,--end-group
Finished building target: MidTerm.elf
 
arm-none-eabi-size   MidTerm.elf 
arm-none-eabi-objdump -h -S  MidTerm.elf  > "MidTerm.list"
arm-none-eabi-objcopy  -O ihex  MidTerm.elf  "MidTerm.hex"
   text	   data	    bss	    dec	    hex	filename
   8312	     24	   1696	  10032	   2730	MidTerm.elf
arm-none-eabi-objcopy  -O binary  MidTerm.elf  "MidTerm.bin"
Finished building: default.size.stdout
 
Finished building: MidTerm.hex
Finished building: MidTerm.list
Finished building: MidTerm.bin
 
 
 
13:06:22 **** Incremental Build of configuration Debug for project MidTerm ****
make -j12 all 
arm-none-eabi-gcc "../Core/Src/input_reading.c" -mcpu=cortex-m3 -std=gnu11 -g3 -DDEBUG -DUSE_HAL_DRIVER -DSTM32F103x6 -c -I../Core/Inc -I../Drivers/STM32F1xx_HAL_Driver/Inc -I../Drivers/STM32F1xx_HAL_Driver/Inc/Legacy -I../Drivers/CMSIS/Device/ST/STM32F1xx/Include -I../Drivers/CMSIS/Include -O0 -ffunction-sections -fdata-sections -Wall -fstack-usage -MMD -MP -MF"Core/Src/input_reading.d" -MT"Core/Src/input_reading.o" --specs=nano.specs -mfloat-abi=soft -mthumb -o "Core/Src/input_reading.o"
arm-none-eabi-gcc -o "MidTerm.elf" @"objects.list"   -mcpu=cortex-m3 -T"E:\School\221\Microprocessor and microcontroller\Mid Term\STM32\MidTerm\STM32F103C6UX_FLASH.ld" --specs=nosys.specs -Wl,-Map="MidTerm.map" -Wl,--gc-sections -static --specs=nano.specs -mfloat-abi=soft -mthumb -Wl,--start-group -lc -lm -Wl,--end-group
Finished building target: MidTerm.elf
 
arm-none-eabi-size   MidTerm.elf 
arm-none-eabi-objdump -h -S  MidTerm.elf  > "MidTerm.list"
arm-none-eabi-objcopy  -O ihex  MidTerm.elf  "MidTerm.hex"
arm-none-eabi-objcopy  -O binary  MidTerm.elf  "MidTerm.bin"
   text	   data	    bss	    dec	    hex	filename
   8316	     24	   1696	  10036	   2734	MidTerm.elf
Finished building: default.size.stdout
 
Finished building: MidTerm.list
Finished building: MidTerm.hex
Finished building: MidTerm.bin
 
 
 
13:07:00 **** Incremental Build of configuration Debug for project MidTerm ****
make -j12 all 
arm-none-eabi-gcc "../Core/Src/main.c" -mcpu=cortex-m3 -std=gnu11 -g3 -DDEBUG -DUSE_HAL_DRIVER -DSTM32F103x6 -c -I../Core/Inc -I../Drivers/STM32F1xx_HAL_Driver/Inc -I../Drivers/STM32F1xx_HAL_Driver/Inc/Legacy -I../Drivers/CMSIS/Device/ST/STM32F1xx/Include -I../Drivers/CMSIS/Include -O0 -ffunction-sections -fdata-sections -Wall -fstack-usage -MMD -MP -MF"Core/Src/main.d" -MT"Core/Src/main.o" --specs=nano.specs -mfloat-abi=soft -mthumb -o "Core/Src/main.o"
arm-none-eabi-gcc -o "MidTerm.elf" @"objects.list"   -mcpu=cortex-m3 -T"E:\School\221\Microprocessor and microcontroller\Mid Term\STM32\MidTerm\STM32F103C6UX_FLASH.ld" --specs=nosys.specs -Wl,-Map="MidTerm.map" -Wl,--gc-sections -static --specs=nano.specs -mfloat-abi=soft -mthumb -Wl,--start-group -lc -lm -Wl,--end-group
Finished building target: MidTerm.elf
 
arm-none-eabi-size   MidTerm.elf 
arm-none-eabi-objdump -h -S  MidTerm.elf  > "MidTerm.list"
arm-none-eabi-objcopy  -O ihex  MidTerm.elf  "MidTerm.hex"
arm-none-eabi-objcopy  -O binary  MidTerm.elf  "MidTerm.bin"
   text	   data	    bss	    dec	    hex	filename
   8564	     28	   1692	  10284	   282c	MidTerm.elf
Finished building: default.size.stdout
 
Finished building: MidTerm.list
Finished building: MidTerm.hex
Finished building: MidTerm.bin
 
 
 
13:07:13 **** Incremental Build of configuration Debug for project MidTerm ****
make -j12 all 
arm-none-eabi-gcc "../Core/Src/main.c" -mcpu=cortex-m3 -std=gnu11 -g3 -DDEBUG -DUSE_HAL_DRIVER -DSTM32F103x6 -c -I../Core/Inc -I../Drivers/STM32F1xx_HAL_Driver/Inc -I../Drivers/STM32F1xx_HAL_Driver/Inc/Legacy -I../Drivers/CMSIS/Device/ST/STM32F1xx/Include -I../Drivers/CMSIS/Include -O0 -ffunction-sections -fdata-sections -Wall -fstack-usage -MMD -MP -MF"Core/Src/main.d" -MT"Core/Src/main.o" --specs=nano.specs -mfloat-abi=soft -mthumb -o "Core/Src/main.o"
arm-none-eabi-gcc -o "MidTerm.elf" @"objects.list"   -mcpu=cortex-m3 -T"E:\School\221\Microprocessor and microcontroller\Mid Term\STM32\MidTerm\STM32F103C6UX_FLASH.ld" --specs=nosys.specs -Wl,-Map="MidTerm.map" -Wl,--gc-sections -static --specs=nano.specs -mfloat-abi=soft -mthumb -Wl,--start-group -lc -lm -Wl,--end-group
Finished building target: MidTerm.elf
 
arm-none-eabi-size   MidTerm.elf 
arm-none-eabi-objdump -h -S  MidTerm.elf  > "MidTerm.list"
arm-none-eabi-objcopy  -O ihex  MidTerm.elf  "MidTerm.hex"
arm-none-eabi-objcopy  -O binary  MidTerm.elf  "MidTerm.bin"
   text	   data	    bss	    dec	    hex	filename
   8564	     28	   1692	  10284	   282c	MidTerm.elf
Finished building: default.size.stdout
 
Finished building: MidTerm.hex
Finished building: MidTerm.list
Finished building: MidTerm.bin
 
 
 
18:46:22 **** Incremental Build of configuration Debug for project MidTerm ****
make -j12 all 
arm-none-eabi-gcc "../Core/Src/input_reading.c" -mcpu=cortex-m3 -std=gnu11 -g3 -DDEBUG -DUSE_HAL_DRIVER -DSTM32F103x6 -c -I../Core/Inc -I../Drivers/STM32F1xx_HAL_Driver/Inc -I../Drivers/STM32F1xx_HAL_Driver/Inc/Legacy -I../Drivers/CMSIS/Device/ST/STM32F1xx/Include -I../Drivers/CMSIS/Include -O0 -ffunction-sections -fdata-sections -Wall -fstack-usage -MMD -MP -MF"Core/Src/input_reading.d" -MT"Core/Src/input_reading.o" --specs=nano.specs -mfloat-abi=soft -mthumb -o "Core/Src/input_reading.o"
arm-none-eabi-gcc "../Core/Src/main.c" -mcpu=cortex-m3 -std=gnu11 -g3 -DDEBUG -DUSE_HAL_DRIVER -DSTM32F103x6 -c -I../Core/Inc -I../Drivers/STM32F1xx_HAL_Driver/Inc -I../Drivers/STM32F1xx_HAL_Driver/Inc/Legacy -I../Drivers/CMSIS/Device/ST/STM32F1xx/Include -I../Drivers/CMSIS/Include -O0 -ffunction-sections -fdata-sections -Wall -fstack-usage -MMD -MP -MF"Core/Src/main.d" -MT"Core/Src/main.o" --specs=nano.specs -mfloat-abi=soft -mthumb -o "Core/Src/main.o"
In file included from ../Core/Src/main.c:28:
../Core/Inc/simple_run.h: In function 'fsm_simple_button_run':
../Core/Inc/simple_run.h:32:17: warning: operation on 'current_number' may be undefined [-Wsequence-point]
   32 |   current_number=current_number<=0?9:current_number--;
      |   ~~~~~~~~~~~~~~^~~~~~~~~~~~~~~~~~~~~~~~~~~~~~~~~~~~~
arm-none-eabi-gcc -o "MidTerm.elf" @"objects.list"   -mcpu=cortex-m3 -T"E:\School\221\Microprocessor and microcontroller\Mid Term\STM32\MidTerm\STM32F103C6UX_FLASH.ld" --specs=nosys.specs -Wl,-Map="MidTerm.map" -Wl,--gc-sections -static --specs=nano.specs -mfloat-abi=soft -mthumb -Wl,--start-group -lc -lm -Wl,--end-group
Finished building target: MidTerm.elf
 
arm-none-eabi-size   MidTerm.elf 
arm-none-eabi-objdump -h -S  MidTerm.elf  > "MidTerm.list"
arm-none-eabi-objcopy  -O ihex  MidTerm.elf  "MidTerm.hex"
arm-none-eabi-objcopy  -O binary  MidTerm.elf  "MidTerm.bin"
   text	   data	    bss	    dec	    hex	filename
   8580	     28	   1692	  10300	   283c	MidTerm.elf
Finished building: default.size.stdout
 
Finished building: MidTerm.hex
Finished building: MidTerm.bin
 
Finished building: MidTerm.list
 
 
18:48:55 **** Incremental Build of configuration Debug for project MidTerm ****
make -j12 all 
arm-none-eabi-gcc "../Core/Src/main.c" -mcpu=cortex-m3 -std=gnu11 -g3 -DDEBUG -DUSE_HAL_DRIVER -DSTM32F103x6 -c -I../Core/Inc -I../Drivers/STM32F1xx_HAL_Driver/Inc -I../Drivers/STM32F1xx_HAL_Driver/Inc/Legacy -I../Drivers/CMSIS/Device/ST/STM32F1xx/Include -I../Drivers/CMSIS/Include -O0 -ffunction-sections -fdata-sections -Wall -fstack-usage -MMD -MP -MF"Core/Src/main.d" -MT"Core/Src/main.o" --specs=nano.specs -mfloat-abi=soft -mthumb -o "Core/Src/main.o"
arm-none-eabi-gcc -o "MidTerm.elf" @"objects.list"   -mcpu=cortex-m3 -T"E:\School\221\Microprocessor and microcontroller\Mid Term\STM32\MidTerm\STM32F103C6UX_FLASH.ld" --specs=nosys.specs -Wl,-Map="MidTerm.map" -Wl,--gc-sections -static --specs=nano.specs -mfloat-abi=soft -mthumb -Wl,--start-group -lc -lm -Wl,--end-group
Finished building target: MidTerm.elf
 
arm-none-eabi-size   MidTerm.elf 
arm-none-eabi-objdump -h -S  MidTerm.elf  > "MidTerm.list"
arm-none-eabi-objcopy  -O ihex  MidTerm.elf  "MidTerm.hex"
arm-none-eabi-objcopy  -O binary  MidTerm.elf  "MidTerm.bin"
   text	   data	    bss	    dec	    hex	filename
   8580	     28	   1692	  10300	   283c	MidTerm.elf
Finished building: default.size.stdout
 
Finished building: MidTerm.hex
Finished building: MidTerm.list
Finished building: MidTerm.bin
 
 
 
