18:48:55 **** Incremental Build of configuration Debug for project MidTerm ****
make -j12 all 
arm-none-eabi-gcc "../Core/Src/main.c" -mcpu=cortex-m3 -std=gnu11 -g3 -DDEBUG -DUSE_HAL_DRIVER -DSTM32F103x6 -c -I../Core/Inc -I../Drivers/STM32F1xx_HAL_Driver/Inc -I../Drivers/STM32F1xx_HAL_Driver/Inc/Legacy -I../Drivers/CMSIS/Device/ST/STM32F1xx/Include -I../Drivers/CMSIS/Include -O0 -ffunction-sections -fdata-sections -Wall -fstack-usage -MMD -MP -MF"Core/Src/main.d" -MT"Core/Src/main.o" --specs=nano.specs -mfloat-abi=soft -mthumb -o "Core/Src/main.o"
arm-none-eabi-gcc -o "MidTerm.elf" @"objects.list"   -mcpu=cortex-m3 -T"E:\School\221\Microprocessor and microcontroller\Mid Term\STM32\MidTerm\STM32F103C6UX_FLASH.ld" --specs=nosys.specs -Wl,-Map="MidTerm.map" -Wl,--gc-sections -static --specs=nano.specs -mfloat-abi=soft -mthumb -Wl,--start-group -lc -lm -Wl,--end-group
Finished building target: MidTerm.elf
 
arm-none-eabi-size   MidTerm.elf 
arm-none-eabi-objdump -h -S  MidTerm.elf  > "MidTerm.list"
arm-none-eabi-objcopy  -O ihex  MidTerm.elf  "MidTerm.hex"
arm-none-eabi-objcopy  -O binary  MidTerm.elf  "MidTerm.bin"
   text	   data	    bss	    dec	    hex	filename
   8580	     28	   1692	  10300	   283c	MidTerm.elf
Finished building: default.size.stdout
 
Finished building: MidTerm.hex
Finished building: MidTerm.list
Finished building: MidTerm.bin
 
 
 

18:48:56 Build Finished. 0 errors, 0 warnings. (took 1s.323ms)

